  Wiederherzustellende Projekte werden ermittelt...
C:\tmp\DB-Optimizer-AI\DBOptimizer.WpfApp\DBOptimizer.WpfApp.csproj : warning NU1603: DBOptimizer.WpfApp h├ñngt von LiveChartsCore.SkiaSharpView.WPF (>= 2.0.0-rc4.3) ab, aber LiveChartsCore.SkiaSharpView.WPF 2.0.0-rc4.3 wurde nicht gefunden. LiveChartsCore.SkiaSharpView.WPF 2.0.0-rc4.5 wurde stattdessen aufgel├Âst. [C:\tmp\DB-Optimizer-AI\DBOptimizer.sln]
C:\tmp\DB-Optimizer-AI\DBOptimizer.WpfApp\DBOptimizer.WpfApp.csproj : warning NU1701: Das Paket "OpenTK 3.3.1" wurde nicht mit dem Projektzielframework "net8.0-windows7.0", sondern mit ".NETFramework,Version=v4.6.1, .NETFramework,Version=v4.6.2, .NETFramework,Version=v4.7, .NETFramework,Version=v4.7.1, .NETFramework,Version=v4.7.2, .NETFramework,Version=v4.8, .NETFramework,Version=v4.8.1" wiederhergestellt. Dieses Paket ist mit Ihrem Projekt m├Âglicherweise nicht vollst├ñndig kompatibel. [C:\tmp\DB-Optimizer-AI\DBOptimizer.sln]
C:\tmp\DB-Optimizer-AI\DBOptimizer.WpfApp\DBOptimizer.WpfApp.csproj : warning NU1701: Das Paket "OpenTK.GLWpfControl 3.3.0" wurde nicht mit dem Projektzielframework "net8.0-windows7.0", sondern mit ".NETFramework,Version=v4.6.1, .NETFramework,Version=v4.6.2, .NETFramework,Version=v4.7, .NETFramework,Version=v4.7.1, .NETFramework,Version=v4.7.2, .NETFramework,Version=v4.8, .NETFramework,Version=v4.8.1" wiederhergestellt. Dieses Paket ist mit Ihrem Projekt m├Âglicherweise nicht vollst├ñndig kompatibel. [C:\tmp\DB-Optimizer-AI\DBOptimizer.sln]
C:\tmp\DB-Optimizer-AI\DBOptimizer.WpfApp\DBOptimizer.WpfApp.csproj : warning NU1701: Das Paket "SkiaSharp.Views.WPF 3.0.0-preview.4.1" wurde nicht mit dem Projektzielframework "net8.0-windows7.0", sondern mit ".NETFramework,Version=v4.6.1, .NETFramework,Version=v4.6.2, .NETFramework,Version=v4.7, .NETFramework,Version=v4.7.1, .NETFramework,Version=v4.7.2, .NETFramework,Version=v4.8, .NETFramework,Version=v4.8.1" wiederhergestellt. Dieses Paket ist mit Ihrem Projekt m├Âglicherweise nicht vollst├ñndig kompatibel. [C:\tmp\DB-Optimizer-AI\DBOptimizer.sln]
  Alle Projekte sind f├╝r die Wiederherstellung auf dem neuesten Stand.
C:\tmp\DB-Optimizer-AI\DBOptimizer.WpfApp\DBOptimizer.WpfApp.csproj : warning NU1603: DBOptimizer.WpfApp h├ñngt von LiveChartsCore.SkiaSharpView.WPF (>= 2.0.0-rc4.3) ab, aber LiveChartsCore.SkiaSharpView.WPF 2.0.0-rc4.3 wurde nicht gefunden. LiveChartsCore.SkiaSharpView.WPF 2.0.0-rc4.5 wurde stattdessen aufgel├Âst.
C:\tmp\DB-Optimizer-AI\DBOptimizer.WpfApp\DBOptimizer.WpfApp.csproj : warning NU1701: Das Paket "OpenTK 3.3.1" wurde nicht mit dem Projektzielframework "net8.0-windows7.0", sondern mit ".NETFramework,Version=v4.6.1, .NETFramework,Version=v4.6.2, .NETFramework,Version=v4.7, .NETFramework,Version=v4.7.1, .NETFramework,Version=v4.7.2, .NETFramework,Version=v4.8, .NETFramework,Version=v4.8.1" wiederhergestellt. Dieses Paket ist mit Ihrem Projekt m├Âglicherweise nicht vollst├ñndig kompatibel.
C:\tmp\DB-Optimizer-AI\DBOptimizer.WpfApp\DBOptimizer.WpfApp.csproj : warning NU1701: Das Paket "OpenTK.GLWpfControl 3.3.0" wurde nicht mit dem Projektzielframework "net8.0-windows7.0", sondern mit ".NETFramework,Version=v4.6.1, .NETFramework,Version=v4.6.2, .NETFramework,Version=v4.7, .NETFramework,Version=v4.7.1, .NETFramework,Version=v4.7.2, .NETFramework,Version=v4.8, .NETFramework,Version=v4.8.1" wiederhergestellt. Dieses Paket ist mit Ihrem Projekt m├Âglicherweise nicht vollst├ñndig kompatibel.
C:\tmp\DB-Optimizer-AI\DBOptimizer.WpfApp\DBOptimizer.WpfApp.csproj : warning NU1701: Das Paket "SkiaSharp.Views.WPF 3.0.0-preview.4.1" wurde nicht mit dem Projektzielframework "net8.0-windows7.0", sondern mit ".NETFramework,Version=v4.6.1, .NETFramework,Version=v4.6.2, .NETFramework,Version=v4.7, .NETFramework,Version=v4.7.1, .NETFramework,Version=v4.7.2, .NETFramework,Version=v4.8, .NETFramework,Version=v4.8.1" wiederhergestellt. Dieses Paket ist mit Ihrem Projekt m├Âglicherweise nicht vollst├ñndig kompatibel.
  DBOptimizer.Data -> C:\tmp\DB-Optimizer-AI\DBOptimizer.Data\bin\Debug\net8.0\DBOptimizer.Data.dll
C:\tmp\DB-Optimizer-AI\DBOptimizer.Core\Services\IComplianceAuditService.cs(157,19): warning CS8618: Non-Nullable-Eigenschaft ÔÇ×CheckNameÔÇ£ muss beim Beenden des Konstruktors einen Wert ungleich NULL enthalten. F├╝gen Sie ggf. den ÔÇ×erforderlichenÔÇ£ Modifizierer hinzu, oder deklarieren Sie den Eigenschaft als NULL-Werte zulassend. [C:\tmp\DB-Optimizer-AI\DBOptimizer.Core\DBOptimizer.Core.csproj]
C:\tmp\DB-Optimizer-AI\DBOptimizer.Core\Services\IComplianceAuditService.cs(158,19): warning CS8618: Non-Nullable-Eigenschaft ÔÇ×DescriptionÔÇ£ muss beim Beenden des Konstruktors einen Wert ungleich NULL enthalten. F├╝gen Sie ggf. den ÔÇ×erforderlichenÔÇ£ Modifizierer hinzu, oder deklarieren Sie den Eigenschaft als NULL-Werte zulassend. [C:\tmp\DB-Optimizer-AI\DBOptimizer.Core\DBOptimizer.Core.csproj]
C:\tmp\DB-Optimizer-AI\DBOptimizer.Core\Services\IComplianceAuditService.cs(160,19): warning CS8618: Non-Nullable-Eigenschaft ÔÇ×ResultÔÇ£ muss beim Beenden des Konstruktors einen Wert ungleich NULL enthalten. F├╝gen Sie ggf. den ÔÇ×erforderlichenÔÇ£ Modifizierer hinzu, oder deklarieren Sie den Eigenschaft als NULL-Werte zulassend. [C:\tmp\DB-Optimizer-AI\DBOptimizer.Core\DBOptimizer.Core.csproj]
C:\tmp\DB-Optimizer-AI\DBOptimizer.Core\Services\IComplianceAuditService.cs(161,19): warning CS8618: Non-Nullable-Eigenschaft ÔÇ×EvidenceÔÇ£ muss beim Beenden des Konstruktors einen Wert ungleich NULL enthalten. F├╝gen Sie ggf. den ÔÇ×erforderlichenÔÇ£ Modifizierer hinzu, oder deklarieren Sie den Eigenschaft als NULL-Werte zulassend. [C:\tmp\DB-Optimizer-AI\DBOptimizer.Core\DBOptimizer.Core.csproj]
C:\tmp\DB-Optimizer-AI\DBOptimizer.Core\Services\IComplianceAuditService.cs(166,19): warning CS8618: Non-Nullable-Eigenschaft ÔÇ×ViolationTypeÔÇ£ muss beim Beenden des Konstruktors einen Wert ungleich NULL enthalten. F├╝gen Sie ggf. den ÔÇ×erforderlichenÔÇ£ Modifizierer hinzu, oder deklarieren Sie den Eigenschaft als NULL-Werte zulassend. [C:\tmp\DB-Optimizer-AI\DBOptimizer.Core\DBOptimizer.Core.csproj]
C:\tmp\DB-Optimizer-AI\DBOptimizer.Core\Services\IComplianceAuditService.cs(167,19): warning CS8618: Non-Nullable-Eigenschaft ÔÇ×DescriptionÔÇ£ muss beim Beenden des Konstruktors einen Wert ungleich NULL enthalten. F├╝gen Sie ggf. den ÔÇ×erforderlichenÔÇ£ Modifizierer hinzu, oder deklarieren Sie den Eigenschaft als NULL-Werte zulassend. [C:\tmp\DB-Optimizer-AI\DBOptimizer.Core\DBOptimizer.Core.csproj]
C:\tmp\DB-Optimizer-AI\DBOptimizer.Core\Services\IComplianceAuditService.cs(168,19): warning CS8618: Non-Nullable-Eigenschaft ÔÇ×SeverityÔÇ£ muss beim Beenden des Konstruktors einen Wert ungleich NULL enthalten. F├╝gen Sie ggf. den ÔÇ×erforderlichenÔÇ£ Modifizierer hinzu, oder deklarieren Sie den Eigenschaft als NULL-Werte zulassend. [C:\tmp\DB-Optimizer-AI\DBOptimizer.Core\DBOptimizer.Core.csproj]
C:\tmp\DB-Optimizer-AI\DBOptimizer.Core\Services\IComplianceAuditService.cs(169,19): warning CS8618: Non-Nullable-Eigenschaft ÔÇ×RecommendationÔÇ£ muss beim Beenden des Konstruktors einen Wert ungleich NULL enthalten. F├╝gen Sie ggf. den ÔÇ×erforderlichenÔÇ£ Modifizierer hinzu, oder deklarieren Sie den Eigenschaft als NULL-Werte zulassend. [C:\tmp\DB-Optimizer-AI\DBOptimizer.Core\DBOptimizer.Core.csproj]
C:\tmp\DB-Optimizer-AI\DBOptimizer.Core\Services\IComplianceAuditService.cs(125,34): warning CS8618: Non-Nullable-Eigenschaft ÔÇ×ComplianceChecksÔÇ£ muss beim Beenden des Konstruktors einen Wert ungleich NULL enthalten. F├╝gen Sie ggf. den ÔÇ×erforderlichenÔÇ£ Modifizierer hinzu, oder deklarieren Sie den Eigenschaft als NULL-Werte zulassend. [C:\tmp\DB-Optimizer-AI\DBOptimizer.Core\DBOptimizer.Core.csproj]
C:\tmp\DB-Optimizer-AI\DBOptimizer.Core\Services\IComplianceAuditService.cs(128,29): warning CS8618: Non-Nullable-Eigenschaft ÔÇ×HighImpactChangesÔÇ£ muss beim Beenden des Konstruktors einen Wert ungleich NULL enthalten. F├╝gen Sie ggf. den ÔÇ×erforderlichenÔÇ£ Modifizierer hinzu, oder deklarieren Sie den Eigenschaft als NULL-Werte zulassend. [C:\tmp\DB-Optimizer-AI\DBOptimizer.Core\DBOptimizer.Core.csproj]
C:\tmp\DB-Optimizer-AI\DBOptimizer.Core\Services\IComplianceAuditService.cs(131,38): warning CS8618: Non-Nullable-Eigenschaft ÔÇ×ViolationsÔÇ£ muss beim Beenden des Konstruktors einen Wert ungleich NULL enthalten. F├╝gen Sie ggf. den ÔÇ×erforderlichenÔÇ£ Modifizierer hinzu, oder deklarieren Sie den Eigenschaft als NULL-Werte zulassend. [C:\tmp\DB-Optimizer-AI\DBOptimizer.Core\DBOptimizer.Core.csproj]
C:\tmp\DB-Optimizer-AI\DBOptimizer.Core\Services\IComplianceAuditService.cs(134,25): warning CS8618: Non-Nullable-Eigenschaft ÔÇ×RecommendationsÔÇ£ muss beim Beenden des Konstruktors einen Wert ungleich NULL enthalten. F├╝gen Sie ggf. den ÔÇ×erforderlichenÔÇ£ Modifizierer hinzu, oder deklarieren Sie den Eigenschaft als NULL-Werte zulassend. [C:\tmp\DB-Optimizer-AI\DBOptimizer.Core\DBOptimizer.Core.csproj]
C:\tmp\DB-Optimizer-AI\DBOptimizer.Core\Services\IComplianceAuditService.cs(182,22): warning CS8618: Non-Nullable-Eigenschaft ÔÇ×ResponseTimeSlaÔÇ£ muss beim Beenden des Konstruktors einen Wert ungleich NULL enthalten. F├╝gen Sie ggf. den ÔÇ×erforderlichenÔÇ£ Modifizierer hinzu, oder deklarieren Sie den Eigenschaft als NULL-Werte zulassend. [C:\tmp\DB-Optimizer-AI\DBOptimizer.Core\DBOptimizer.Core.csproj]
C:\tmp\DB-Optimizer-AI\DBOptimizer.Core\Services\IComplianceAuditService.cs(185,22): warning CS8618: Non-Nullable-Eigenschaft ÔÇ×UptimeSlaÔÇ£ muss beim Beenden des Konstruktors einen Wert ungleich NULL enthalten. F├╝gen Sie ggf. den ÔÇ×erforderlichenÔÇ£ Modifizierer hinzu, oder deklarieren Sie den Eigenschaft als NULL-Werte zulassend. [C:\tmp\DB-Optimizer-AI\DBOptimizer.Core\DBOptimizer.Core.csproj]
C:\tmp\DB-Optimizer-AI\DBOptimizer.Core\Services\IComplianceAuditService.cs(188,22): warning CS8618: Non-Nullable-Eigenschaft ÔÇ×QueryPerformanceSlaÔÇ£ muss beim Beenden des Konstruktors einen Wert ungleich NULL enthalten. F├╝gen Sie ggf. den ÔÇ×erforderlichenÔÇ£ Modifizierer hinzu, oder deklarieren Sie den Eigenschaft als NULL-Werte zulassend. [C:\tmp\DB-Optimizer-AI\DBOptimizer.Core\DBOptimizer.Core.csproj]
C:\tmp\DB-Optimizer-AI\DBOptimizer.Core\Services\IComplianceAuditService.cs(191,22): warning CS8618: Non-Nullable-Eigenschaft ÔÇ×IncidentResponseSlaÔÇ£ muss beim Beenden des Konstruktors einen Wert ungleich NULL enthalten. F├╝gen Sie ggf. den ÔÇ×erforderlichenÔÇ£ Modifizierer hinzu, oder deklarieren Sie den Eigenschaft als NULL-Werte zulassend. [C:\tmp\DB-Optimizer-AI\DBOptimizer.Core\DBOptimizer.Core.csproj]
C:\tmp\DB-Optimizer-AI\DBOptimizer.Core\Services\IComplianceAuditService.cs(54,19): warning CS8618: Non-Nullable-Eigenschaft ÔÇ×IdÔÇ£ muss beim Beenden des Konstruktors einen Wert ungleich NULL enthalten. F├╝gen Sie ggf. den ÔÇ×erforderlichenÔÇ£ Modifizierer hinzu, oder deklarieren Sie den Eigenschaft als NULL-Werte zulassend. [C:\tmp\DB-Optimizer-AI\DBOptimizer.Core\DBOptimizer.Core.csproj]
C:\tmp\DB-Optimizer-AI\DBOptimizer.Core\Services\IComplianceAuditService.cs(56,19): warning CS8618: Non-Nullable-Eigenschaft ÔÇ×ActionTypeÔÇ£ muss beim Beenden des Konstruktors einen Wert ungleich NULL enthalten. F├╝gen Sie ggf. den ÔÇ×erforderlichenÔÇ£ Modifizierer hinzu, oder deklarieren Sie den Eigenschaft als NULL-Werte zulassend. [C:\tmp\DB-Optimizer-AI\DBOptimizer.Core\DBOptimizer.Core.csproj]
C:\tmp\DB-Optimizer-AI\DBOptimizer.Core\Services\IComplianceAuditService.cs(57,19): warning CS8618: Non-Nullable-Eigenschaft ÔÇ×DescriptionÔÇ£ muss beim Beenden des Konstruktors einen Wert ungleich NULL enthalten. F├╝gen Sie ggf. den ÔÇ×erforderlichenÔÇ£ Modifizierer hinzu, oder deklarieren Sie den Eigenschaft als NULL-Werte zulassend. [C:\tmp\DB-Optimizer-AI\DBOptimizer.Core\DBOptimizer.Core.csproj]
C:\tmp\DB-Optimizer-AI\DBOptimizer.Core\Services\IComplianceAuditService.cs(58,19): warning CS8618: Non-Nullable-Eigenschaft ÔÇ×UserEmailÔÇ£ muss beim Beenden des Konstruktors einen Wert ungleich NULL enthalten. F├╝gen Sie ggf. den ÔÇ×erforderlichenÔÇ£ Modifizierer hinzu, oder deklarieren Sie den Eigenschaft als NULL-Werte zulassend. [C:\tmp\DB-Optimizer-AI\DBOptimizer.Core\DBOptimizer.Core.csproj]
C:\tmp\DB-Optimizer-AI\DBOptimizer.Core\Services\IComplianceAuditService.cs(59,19): warning CS8618: Non-Nullable-Eigenschaft ÔÇ×UserNameÔÇ£ muss beim Beenden des Konstruktors einen Wert ungleich NULL enthalten. F├╝gen Sie ggf. den ÔÇ×erforderlichenÔÇ£ Modifizierer hinzu, oder deklarieren Sie den Eigenschaft als NULL-Werte zulassend. [C:\tmp\DB-Optimizer-AI\DBOptimizer.Core\DBOptimizer.Core.csproj]
C:\tmp\DB-Optimizer-AI\DBOptimizer.Core\Services\IComplianceAuditService.cs(60,19): warning CS8618: Non-Nullable-Eigenschaft ÔÇ×ApprovedByÔÇ£ muss beim Beenden des Konstruktors einen Wert ungleich NULL enthalten. F├╝gen Sie ggf. den ÔÇ×erforderlichenÔÇ£ Modifizierer hinzu, oder deklarieren Sie den Eigenschaft als NULL-Werte zulassend. [C:\tmp\DB-Optimizer-AI\DBOptimizer.Core\DBOptimizer.Core.csproj]
C:\tmp\DB-Optimizer-AI\DBOptimizer.Core\Services\IComplianceAuditService.cs(65,19): warning CS8618: Non-Nullable-Eigenschaft ÔÇ×TargetObjectÔÇ£ muss beim Beenden des Konstruktors einen Wert ungleich NULL enthalten. F├╝gen Sie ggf. den ÔÇ×erforderlichenÔÇ£ Modifizierer hinzu, oder deklarieren Sie den Eigenschaft als NULL-Werte zulassend. [C:\tmp\DB-Optimizer-AI\DBOptimizer.Core\DBOptimizer.Core.csproj]
C:\tmp\DB-Optimizer-AI\DBOptimizer.Core\Services\IComplianceAuditService.cs(66,19): warning CS8618: Non-Nullable-Eigenschaft ÔÇ×BeforeStateÔÇ£ muss beim Beenden des Konstruktors einen Wert ungleich NULL enthalten. F├╝gen Sie ggf. den ÔÇ×erforderlichenÔÇ£ Modifizierer hinzu, oder deklarieren Sie den Eigenschaft als NULL-Werte zulassend. [C:\tmp\DB-Optimizer-AI\DBOptimizer.Core\DBOptimizer.Core.csproj]
C:\tmp\DB-Optimizer-AI\DBOptimizer.Core\Services\IComplianceAuditService.cs(67,19): warning CS8618: Non-Nullable-Eigenschaft ÔÇ×AfterStateÔÇ£ muss beim Beenden des Konstruktors einen Wert ungleich NULL enthalten. F├╝gen Sie ggf. den ÔÇ×erforderlichenÔÇ£ Modifizierer hinzu, oder deklarieren Sie den Eigenschaft als NULL-Werte zulassend. [C:\tmp\DB-Optimizer-AI\DBOptimizer.Core\DBOptimizer.Core.csproj]
C:\tmp\DB-Optimizer-AI\DBOptimizer.Core\Services\IComplianceAuditService.cs(68,19): warning CS8618: Non-Nullable-Eigenschaft ÔÇ×SqlScriptÔÇ£ muss beim Beenden des Konstruktors einen Wert ungleich NULL enthalten. F├╝gen Sie ggf. den ÔÇ×erforderlichenÔÇ£ Modifizierer hinzu, oder deklarieren Sie den Eigenschaft als NULL-Werte zulassend. [C:\tmp\DB-Optimizer-AI\DBOptimizer.Core\DBOptimizer.Core.csproj]
C:\tmp\DB-Optimizer-AI\DBOptimizer.Core\Services\IComplianceAuditService.cs(72,19): warning CS8618: Non-Nullable-Eigenschaft ÔÇ×ImpactDescriptionÔÇ£ muss beim Beenden des Konstruktors einen Wert ungleich NULL enthalten. F├╝gen Sie ggf. den ÔÇ×erforderlichenÔÇ£ Modifizierer hinzu, oder deklarieren Sie den Eigenschaft als NULL-Werte zulassend. [C:\tmp\DB-Optimizer-AI\DBOptimizer.Core\DBOptimizer.Core.csproj]
C:\tmp\DB-Optimizer-AI\DBOptimizer.Core\Services\IComplianceAuditService.cs(77,25): warning CS8618: Non-Nullable-Eigenschaft ÔÇ×ValidationChecksÔÇ£ muss beim Beenden des Konstruktors einen Wert ungleich NULL enthalten. F├╝gen Sie ggf. den ÔÇ×erforderlichenÔÇ£ Modifizierer hinzu, oder deklarieren Sie den Eigenschaft als NULL-Werte zulassend. [C:\tmp\DB-Optimizer-AI\DBOptimizer.Core\DBOptimizer.Core.csproj]
C:\tmp\DB-Optimizer-AI\DBOptimizer.Core\Services\IComplianceAuditService.cs(81,19): warning CS8618: Non-Nullable-Eigenschaft ÔÇ×StatusMessageÔÇ£ muss beim Beenden des Konstruktors einen Wert ungleich NULL enthalten. F├╝gen Sie ggf. den ÔÇ×erforderlichenÔÇ£ Modifizierer hinzu, oder deklarieren Sie den Eigenschaft als NULL-Werte zulassend. [C:\tmp\DB-Optimizer-AI\DBOptimizer.Core\DBOptimizer.Core.csproj]
C:\tmp\DB-Optimizer-AI\DBOptimizer.Core\Services\IComplianceAuditService.cs(85,19): warning CS8618: Non-Nullable-Eigenschaft ÔÇ×RollbackScriptÔÇ£ muss beim Beenden des Konstruktors einen Wert ungleich NULL enthalten. F├╝gen Sie ggf. den ÔÇ×erforderlichenÔÇ£ Modifizierer hinzu, oder deklarieren Sie den Eigenschaft als NULL-Werte zulassend. [C:\tmp\DB-Optimizer-AI\DBOptimizer.Core\DBOptimizer.Core.csproj]
C:\tmp\DB-Optimizer-AI\DBOptimizer.Core\Services\IComplianceAuditService.cs(212,19): warning CS8618: Non-Nullable-Eigenschaft ÔÇ×DescriptionÔÇ£ muss beim Beenden des Konstruktors einen Wert ungleich NULL enthalten. F├╝gen Sie ggf. den ÔÇ×erforderlichenÔÇ£ Modifizierer hinzu, oder deklarieren Sie den Eigenschaft als NULL-Werte zulassend. [C:\tmp\DB-Optimizer-AI\DBOptimizer.Core\DBOptimizer.Core.csproj]
C:\tmp\DB-Optimizer-AI\DBOptimizer.Core\Services\IComplianceAuditService.cs(214,19): warning CS8618: Non-Nullable-Eigenschaft ÔÇ×ImpactÔÇ£ muss beim Beenden des Konstruktors einen Wert ungleich NULL enthalten. F├╝gen Sie ggf. den ÔÇ×erforderlichenÔÇ£ Modifizierer hinzu, oder deklarieren Sie den Eigenschaft als NULL-Werte zulassend. [C:\tmp\DB-Optimizer-AI\DBOptimizer.Core\DBOptimizer.Core.csproj]
C:\tmp\DB-Optimizer-AI\DBOptimizer.Core\Services\IComplianceAuditService.cs(200,19): warning CS8618: Non-Nullable-Eigenschaft ÔÇ×MetricNameÔÇ£ muss beim Beenden des Konstruktors einen Wert ungleich NULL enthalten. F├╝gen Sie ggf. den ÔÇ×erforderlichenÔÇ£ Modifizierer hinzu, oder deklarieren Sie den Eigenschaft als NULL-Werte zulassend. [C:\tmp\DB-Optimizer-AI\DBOptimizer.Core\DBOptimizer.Core.csproj]
C:\tmp\DB-Optimizer-AI\DBOptimizer.Core\Services\IComplianceAuditService.cs(203,19): warning CS8618: Non-Nullable-Eigenschaft ÔÇ×UnitÔÇ£ muss beim Beenden des Konstruktors einen Wert ungleich NULL enthalten. F├╝gen Sie ggf. den ÔÇ×erforderlichenÔÇ£ Modifizierer hinzu, oder deklarieren Sie den Eigenschaft als NULL-Werte zulassend. [C:\tmp\DB-Optimizer-AI\DBOptimizer.Core\DBOptimizer.Core.csproj]
C:\tmp\DB-Optimizer-AI\DBOptimizer.Core\Services\IComplianceAuditService.cs(206,31): warning CS8618: Non-Nullable-Eigenschaft ÔÇ×ViolationsÔÇ£ muss beim Beenden des Konstruktors einen Wert ungleich NULL enthalten. F├╝gen Sie ggf. den ÔÇ×erforderlichenÔÇ£ Modifizierer hinzu, oder deklarieren Sie den Eigenschaft als NULL-Werte zulassend. [C:\tmp\DB-Optimizer-AI\DBOptimizer.Core\DBOptimizer.Core.csproj]
C:\tmp\DB-Optimizer-AI\DBOptimizer.Core\Services\IComplianceAuditService.cs(236,36): warning CS8618: Non-Nullable-Eigenschaft ÔÇ×ByActionTypeÔÇ£ muss beim Beenden des Konstruktors einen Wert ungleich NULL enthalten. F├╝gen Sie ggf. den ÔÇ×erforderlichenÔÇ£ Modifizierer hinzu, oder deklarieren Sie den Eigenschaft als NULL-Werte zulassend. [C:\tmp\DB-Optimizer-AI\DBOptimizer.Core\DBOptimizer.Core.csproj]
C:\tmp\DB-Optimizer-AI\DBOptimizer.Core\Services\IComplianceAuditService.cs(237,36): warning CS8618: Non-Nullable-Eigenschaft ÔÇ×ByUserÔÇ£ muss beim Beenden des Konstruktors einen Wert ungleich NULL enthalten. F├╝gen Sie ggf. den ÔÇ×erforderlichenÔÇ£ Modifizierer hinzu, oder deklarieren Sie den Eigenschaft als NULL-Werte zulassend. [C:\tmp\DB-Optimizer-AI\DBOptimizer.Core\DBOptimizer.Core.csproj]
C:\tmp\DB-Optimizer-AI\DBOptimizer.Core\Services\IComplianceAuditService.cs(240,35): warning CS8618: Non-Nullable-Eigenschaft ÔÇ×DailyTimelineÔÇ£ muss beim Beenden des Konstruktors einen Wert ungleich NULL enthalten. F├╝gen Sie ggf. den ÔÇ×erforderlichenÔÇ£ Modifizierer hinzu, oder deklarieren Sie den Eigenschaft als NULL-Werte zulassend. [C:\tmp\DB-Optimizer-AI\DBOptimizer.Core\DBOptimizer.Core.csproj]
C:\tmp\DB-Optimizer-AI\DBOptimizer.Core\Services\IComplianceAuditService.cs(256,19): warning CS8618: Non-Nullable-Eigenschaft ÔÇ×ChangeIdÔÇ£ muss beim Beenden des Konstruktors einen Wert ungleich NULL enthalten. F├╝gen Sie ggf. den ÔÇ×erforderlichenÔÇ£ Modifizierer hinzu, oder deklarieren Sie den Eigenschaft als NULL-Werte zulassend. [C:\tmp\DB-Optimizer-AI\DBOptimizer.Core\DBOptimizer.Core.csproj]
C:\tmp\DB-Optimizer-AI\DBOptimizer.Core\Services\IComplianceAuditService.cs(258,19): warning CS8618: Non-Nullable-Eigenschaft ÔÇ×RollbackScriptÔÇ£ muss beim Beenden des Konstruktors einen Wert ungleich NULL enthalten. F├╝gen Sie ggf. den ÔÇ×erforderlichenÔÇ£ Modifizierer hinzu, oder deklarieren Sie den Eigenschaft als NULL-Werte zulassend. [C:\tmp\DB-Optimizer-AI\DBOptimizer.Core\DBOptimizer.Core.csproj]
C:\tmp\DB-Optimizer-AI\DBOptimizer.Core\Services\IComplianceAuditService.cs(261,25): warning CS8618: Non-Nullable-Eigenschaft ÔÇ×PrerequisitesÔÇ£ muss beim Beenden des Konstruktors einen Wert ungleich NULL enthalten. F├╝gen Sie ggf. den ÔÇ×erforderlichenÔÇ£ Modifizierer hinzu, oder deklarieren Sie den Eigenschaft als NULL-Werte zulassend. [C:\tmp\DB-Optimizer-AI\DBOptimizer.Core\DBOptimizer.Core.csproj]
C:\tmp\DB-Optimizer-AI\DBOptimizer.Core\Services\IComplianceAuditService.cs(262,25): warning CS8618: Non-Nullable-Eigenschaft ÔÇ×WarningsÔÇ£ muss beim Beenden des Konstruktors einen Wert ungleich NULL enthalten. F├╝gen Sie ggf. den ÔÇ×erforderlichenÔÇ£ Modifizierer hinzu, oder deklarieren Sie den Eigenschaft als NULL-Werte zulassend. [C:\tmp\DB-Optimizer-AI\DBOptimizer.Core\DBOptimizer.Core.csproj]
C:\tmp\DB-Optimizer-AI\DBOptimizer.Core\Services\IExecutiveDashboardService.cs(91,19): warning CS8618: Non-Nullable-Eigenschaft ÔÇ×OverallGradeÔÇ£ muss beim Beenden des Konstruktors einen Wert ungleich NULL enthalten. F├╝gen Sie ggf. den ÔÇ×erforderlichenÔÇ£ Modifizierer hinzu, oder deklarieren Sie den Eigenschaft als NULL-Werte zulassend. [C:\tmp\DB-Optimizer-AI\DBOptimizer.Core\DBOptimizer.Core.csproj]
C:\tmp\DB-Optimizer-AI\DBOptimizer.Core\Services\IExecutiveDashboardService.cs(82,19): warning CS8618: Non-Nullable-Eigenschaft ÔÇ×OverallGradeÔÇ£ muss beim Beenden des Konstruktors einen Wert ungleich NULL enthalten. F├╝gen Sie ggf. den ÔÇ×erforderlichenÔÇ£ Modifizierer hinzu, oder deklarieren Sie den Eigenschaft als NULL-Werte zulassend. [C:\tmp\DB-Optimizer-AI\DBOptimizer.Core\DBOptimizer.Core.csproj]
C:\tmp\DB-Optimizer-AI\DBOptimizer.Core\Services\IExecutiveDashboardService.cs(55,19): warning CS8618: Non-Nullable-Eigenschaft ÔÇ×HealthGradeÔÇ£ muss beim Beenden des Konstruktors einen Wert ungleich NULL enthalten. F├╝gen Sie ggf. den ÔÇ×erforderlichenÔÇ£ Modifizierer hinzu, oder deklarieren Sie den Eigenschaft als NULL-Werte zulassend. [C:\tmp\DB-Optimizer-AI\DBOptimizer.Core\DBOptimizer.Core.csproj]
C:\tmp\DB-Optimizer-AI\DBOptimizer.Core\Services\IExecutiveDashboardService.cs(59,31): warning CS8618: Non-Nullable-Eigenschaft ÔÇ×PerformanceÔÇ£ muss beim Beenden des Konstruktors einen Wert ungleich NULL enthalten. F├╝gen Sie ggf. den ÔÇ×erforderlichenÔÇ£ Modifizierer hinzu, oder deklarieren Sie den Eigenschaft als NULL-Werte zulassend. [C:\tmp\DB-Optimizer-AI\DBOptimizer.Core\DBOptimizer.Core.csproj]
C:\tmp\DB-Optimizer-AI\DBOptimizer.Core\Services\IExecutiveDashboardService.cs(60,24): warning CS8618: Non-Nullable-Eigenschaft ÔÇ×CostsÔÇ£ muss beim Beenden des Konstruktors einen Wert ungleich NULL enthalten. F├╝gen Sie ggf. den ÔÇ×erforderlichenÔÇ£ Modifizierer hinzu, oder deklarieren Sie den Eigenschaft als NULL-Werte zulassend. [C:\tmp\DB-Optimizer-AI\DBOptimizer.Core\DBOptimizer.Core.csproj]
C:\tmp\DB-Optimizer-AI\DBOptimizer.Core\Services\IExecutiveDashboardService.cs(61,31): warning CS8618: Non-Nullable-Eigenschaft ÔÇ×ReliabilityÔÇ£ muss beim Beenden des Konstruktors einen Wert ungleich NULL enthalten. F├╝gen Sie ggf. den ÔÇ×erforderlichenÔÇ£ Modifizierer hinzu, oder deklarieren Sie den Eigenschaft als NULL-Werte zulassend. [C:\tmp\DB-Optimizer-AI\DBOptimizer.Core\DBOptimizer.Core.csproj]
C:\tmp\DB-Optimizer-AI\DBOptimizer.Core\Services\IExecutiveDashboardService.cs(62,32): warning CS8618: Non-Nullable-Eigenschaft ÔÇ×OptimizationsÔÇ£ muss beim Beenden des Konstruktors einen Wert ungleich NULL enthalten. F├╝gen Sie ggf. den ÔÇ×erforderlichenÔÇ£ Modifizierer hinzu, oder deklarieren Sie den Eigenschaft als NULL-Werte zulassend. [C:\tmp\DB-Optimizer-AI\DBOptimizer.Core\DBOptimizer.Core.csproj]
C:\tmp\DB-Optimizer-AI\DBOptimizer.Core\Services\IExecutiveDashboardService.cs(65,30): warning CS8618: Non-Nullable-Eigenschaft ÔÇ×TopAchievementsÔÇ£ muss beim Beenden des Konstruktors einen Wert ungleich NULL enthalten. F├╝gen Sie ggf. den ÔÇ×erforderlichenÔÇ£ Modifizierer hinzu, oder deklarieren Sie den Eigenschaft als NULL-Werte zulassend. [C:\tmp\DB-Optimizer-AI\DBOptimizer.Core\DBOptimizer.Core.csproj]
C:\tmp\DB-Optimizer-AI\DBOptimizer.Core\Services\IExecutiveDashboardService.cs(74,19): warning CS8618: Non-Nullable-Eigenschaft ÔÇ×BoardReadySummaryÔÇ£ muss beim Beenden des Konstruktors einen Wert ungleich NULL enthalten. F├╝gen Sie ggf. den ÔÇ×erforderlichenÔÇ£ Modifizierer hinzu, oder deklarieren Sie den Eigenschaft als NULL-Werte zulassend. [C:\tmp\DB-Optimizer-AI\DBOptimizer.Core\DBOptimizer.Core.csproj]
C:\tmp\DB-Optimizer-AI\DBOptimizer.Core\Services\IExecutiveDashboardService.cs(77,37): warning CS8618: Non-Nullable-Eigenschaft ÔÇ×HistoricalTrendÔÇ£ muss beim Beenden des Konstruktors einen Wert ungleich NULL enthalten. F├╝gen Sie ggf. den ÔÇ×erforderlichenÔÇ£ Modifizierer hinzu, oder deklarieren Sie den Eigenschaft als NULL-Werte zulassend. [C:\tmp\DB-Optimizer-AI\DBOptimizer.Core\DBOptimizer.Core.csproj]
C:\tmp\DB-Optimizer-AI\DBOptimizer.Core\Services\IExecutiveDashboardService.cs(100,19): warning CS8618: Non-Nullable-Eigenschaft ÔÇ×OverallGradeÔÇ£ muss beim Beenden des Konstruktors einen Wert ungleich NULL enthalten. F├╝gen Sie ggf. den ÔÇ×erforderlichenÔÇ£ Modifizierer hinzu, oder deklarieren Sie den Eigenschaft als NULL-Werte zulassend. [C:\tmp\DB-Optimizer-AI\DBOptimizer.Core\DBOptimizer.Core.csproj]
C:\tmp\DB-Optimizer-AI\DBOptimizer.Core\Services\IExecutiveDashboardService.cs(129,19): warning CS8618: Non-Nullable-Eigenschaft ÔÇ×GradeÔÇ£ muss beim Beenden des Konstruktors einen Wert ungleich NULL enthalten. F├╝gen Sie ggf. den ÔÇ×erforderlichenÔÇ£ Modifizierer hinzu, oder deklarieren Sie den Eigenschaft als NULL-Werte zulassend. [C:\tmp\DB-Optimizer-AI\DBOptimizer.Core\DBOptimizer.Core.csproj]
C:\tmp\DB-Optimizer-AI\DBOptimizer.Core\Services\IExecutiveDashboardService.cs(119,19): warning CS8618: Non-Nullable-Eigenschaft ÔÇ×TitleÔÇ£ muss beim Beenden des Konstruktors einen Wert ungleich NULL enthalten. F├╝gen Sie ggf. den ÔÇ×erforderlichenÔÇ£ Modifizierer hinzu, oder deklarieren Sie den Eigenschaft als NULL-Werte zulassend. [C:\tmp\DB-Optimizer-AI\DBOptimizer.Core\DBOptimizer.Core.csproj]
C:\tmp\DB-Optimizer-AI\DBOptimizer.Core\Services\IExecutiveDashboardService.cs(120,19): warning CS8618: Non-Nullable-Eigenschaft ÔÇ×DescriptionÔÇ£ muss beim Beenden des Konstruktors einen Wert ungleich NULL enthalten. F├╝gen Sie ggf. den ÔÇ×erforderlichenÔÇ£ Modifizierer hinzu, oder deklarieren Sie den Eigenschaft als NULL-Werte zulassend. [C:\tmp\DB-Optimizer-AI\DBOptimizer.Core\DBOptimizer.Core.csproj]
C:\tmp\DB-Optimizer-AI\DBOptimizer.Core\Services\IExecutiveDashboardService.cs(121,19): warning CS8618: Non-Nullable-Eigenschaft ÔÇ×IconÔÇ£ muss beim Beenden des Konstruktors einen Wert ungleich NULL enthalten. F├╝gen Sie ggf. den ÔÇ×erforderlichenÔÇ£ Modifizierer hinzu, oder deklarieren Sie den Eigenschaft als NULL-Werte zulassend. [C:\tmp\DB-Optimizer-AI\DBOptimizer.Core\DBOptimizer.Core.csproj]
C:\tmp\DB-Optimizer-AI\DBOptimizer.Core\Services\IExecutiveDashboardService.cs(165,19): warning CS8618: Non-Nullable-Eigenschaft ÔÇ×NameÔÇ£ muss beim Beenden des Konstruktors einen Wert ungleich NULL enthalten. F├╝gen Sie ggf. den ÔÇ×erforderlichenÔÇ£ Modifizierer hinzu, oder deklarieren Sie den Eigenschaft als NULL-Werte zulassend. [C:\tmp\DB-Optimizer-AI\DBOptimizer.Core\DBOptimizer.Core.csproj]
C:\tmp\DB-Optimizer-AI\DBOptimizer.Core\Services\IExecutiveDashboardService.cs(166,19): warning CS8618: Non-Nullable-Eigenschaft ÔÇ×DescriptionÔÇ£ muss beim Beenden des Konstruktors einen Wert ungleich NULL enthalten. F├╝gen Sie ggf. den ÔÇ×erforderlichenÔÇ£ Modifizierer hinzu, oder deklarieren Sie den Eigenschaft als NULL-Werte zulassend. [C:\tmp\DB-Optimizer-AI\DBOptimizer.Core\DBOptimizer.Core.csproj]
C:\tmp\DB-Optimizer-AI\DBOptimizer.Core\Services\IExecutiveDashboardService.cs(168,19): warning CS8618: Non-Nullable-Eigenschaft ÔÇ×IconÔÇ£ muss beim Beenden des Konstruktors einen Wert ungleich NULL enthalten. F├╝gen Sie ggf. den ÔÇ×erforderlichenÔÇ£ Modifizierer hinzu, oder deklarieren Sie den Eigenschaft als NULL-Werte zulassend. [C:\tmp\DB-Optimizer-AI\DBOptimizer.Core\DBOptimizer.Core.csproj]
C:\tmp\DB-Optimizer-AI\DBOptimizer.Core\Services\IExecutiveDashboardService.cs(205,19): warning CS8618: Non-Nullable-Eigenschaft ÔÇ×CategoryÔÇ£ muss beim Beenden des Konstruktors einen Wert ungleich NULL enthalten. F├╝gen Sie ggf. den ÔÇ×erforderlichenÔÇ£ Modifizierer hinzu, oder deklarieren Sie den Eigenschaft als NULL-Werte zulassend. [C:\tmp\DB-Optimizer-AI\DBOptimizer.Core\DBOptimizer.Core.csproj]
C:\tmp\DB-Optimizer-AI\DBOptimizer.Core\Services\IExecutiveDashboardService.cs(197,30): warning CS8618: Non-Nullable-Eigenschaft ÔÇ×RoiByCategoryÔÇ£ muss beim Beenden des Konstruktors einen Wert ungleich NULL enthalten. F├╝gen Sie ggf. den ÔÇ×erforderlichenÔÇ£ Modifizierer hinzu, oder deklarieren Sie den Eigenschaft als NULL-Werte zulassend. [C:\tmp\DB-Optimizer-AI\DBOptimizer.Core\DBOptimizer.Core.csproj]
C:\tmp\DB-Optimizer-AI\DBOptimizer.Core\Services\IExecutiveDashboardService.cs(200,29): warning CS8618: Non-Nullable-Eigenschaft ÔÇ×MonthlyRoiTrendÔÇ£ muss beim Beenden des Konstruktors einen Wert ungleich NULL enthalten. F├╝gen Sie ggf. den ÔÇ×erforderlichenÔÇ£ Modifizierer hinzu, oder deklarieren Sie den Eigenschaft als NULL-Werte zulassend. [C:\tmp\DB-Optimizer-AI\DBOptimizer.Core\DBOptimizer.Core.csproj]
C:\tmp\DB-Optimizer-AI\DBOptimizer.Core\Services\IExecutiveDashboardService.cs(138,19): warning CS8618: Non-Nullable-Eigenschaft ÔÇ×GradeÔÇ£ muss beim Beenden des Konstruktors einen Wert ungleich NULL enthalten. F├╝gen Sie ggf. den ÔÇ×erforderlichenÔÇ£ Modifizierer hinzu, oder deklarieren Sie den Eigenschaft als NULL-Werte zulassend. [C:\tmp\DB-Optimizer-AI\DBOptimizer.Core\DBOptimizer.Core.csproj]
C:\tmp\DB-Optimizer-AI\DBOptimizer.Core\Services\IExecutiveDashboardService.cs(139,19): warning CS8618: Non-Nullable-Eigenschaft ÔÇ×StatusÔÇ£ muss beim Beenden des Konstruktors einen Wert ungleich NULL enthalten. F├╝gen Sie ggf. den ÔÇ×erforderlichenÔÇ£ Modifizierer hinzu, oder deklarieren Sie den Eigenschaft als NULL-Werte zulassend. [C:\tmp\DB-Optimizer-AI\DBOptimizer.Core\DBOptimizer.Core.csproj]
C:\tmp\DB-Optimizer-AI\DBOptimizer.Core\Services\IExecutiveDashboardService.cs(141,19): warning CS8618: Non-Nullable-Eigenschaft ÔÇ×IndustryRankÔÇ£ muss beim Beenden des Konstruktors einen Wert ungleich NULL enthalten. F├╝gen Sie ggf. den ÔÇ×erforderlichenÔÇ£ Modifizierer hinzu, oder deklarieren Sie den Eigenschaft als NULL-Werte zulassend. [C:\tmp\DB-Optimizer-AI\DBOptimizer.Core\DBOptimizer.Core.csproj]
C:\tmp\DB-Optimizer-AI\DBOptimizer.Core\Services\IExecutiveDashboardService.cs(144,27): warning CS8618: Non-Nullable-Eigenschaft ÔÇ×QueryPerformanceÔÇ£ muss beim Beenden des Konstruktors einen Wert ungleich NULL enthalten. F├╝gen Sie ggf. den ÔÇ×erforderlichenÔÇ£ Modifizierer hinzu, oder deklarieren Sie den Eigenschaft als NULL-Werte zulassend. [C:\tmp\DB-Optimizer-AI\DBOptimizer.Core\DBOptimizer.Core.csproj]
C:\tmp\DB-Optimizer-AI\DBOptimizer.Core\Services\IExecutiveDashboardService.cs(145,27): warning CS8618: Non-Nullable-Eigenschaft ÔÇ×SystemReliabilityÔÇ£ muss beim Beenden des Konstruktors einen Wert ungleich NULL enthalten. F├╝gen Sie ggf. den ÔÇ×erforderlichenÔÇ£ Modifizierer hinzu, oder deklarieren Sie den Eigenschaft als NULL-Werte zulassend. [C:\tmp\DB-Optimizer-AI\DBOptimizer.Core\DBOptimizer.Core.csproj]
C:\tmp\DB-Optimizer-AI\DBOptimizer.Core\Services\IExecutiveDashboardService.cs(146,27): warning CS8618: Non-Nullable-Eigenschaft ÔÇ×ResourceEfficiencyÔÇ£ muss beim Beenden des Konstruktors einen Wert ungleich NULL enthalten. F├╝gen Sie ggf. den ÔÇ×erforderlichenÔÇ£ Modifizierer hinzu, oder deklarieren Sie den Eigenschaft als NULL-Werte zulassend. [C:\tmp\DB-Optimizer-AI\DBOptimizer.Core\DBOptimizer.Core.csproj]
C:\tmp\DB-Optimizer-AI\DBOptimizer.Core\Services\IExecutiveDashboardService.cs(147,27): warning CS8618: Non-Nullable-Eigenschaft ÔÇ×OptimizationQualityÔÇ£ muss beim Beenden des Konstruktors einen Wert ungleich NULL enthalten. F├╝gen Sie ggf. den ÔÇ×erforderlichenÔÇ£ Modifizierer hinzu, oder deklarieren Sie den Eigenschaft als NULL-Werte zulassend. [C:\tmp\DB-Optimizer-AI\DBOptimizer.Core\DBOptimizer.Core.csproj]
C:\tmp\DB-Optimizer-AI\DBOptimizer.Core\Services\IExecutiveDashboardService.cs(148,27): warning CS8618: Non-Nullable-Eigenschaft ÔÇ×CostEfficiencyÔÇ£ muss beim Beenden des Konstruktors einen Wert ungleich NULL enthalten. F├╝gen Sie ggf. den ÔÇ×erforderlichenÔÇ£ Modifizierer hinzu, oder deklarieren Sie den Eigenschaft als NULL-Werte zulassend. [C:\tmp\DB-Optimizer-AI\DBOptimizer.Core\DBOptimizer.Core.csproj]
C:\tmp\DB-Optimizer-AI\DBOptimizer.Core\Services\IExecutiveDashboardService.cs(151,31): warning CS8618: Non-Nullable-Eigenschaft ÔÇ×StrengthsÔÇ£ muss beim Beenden des Konstruktors einen Wert ungleich NULL enthalten. F├╝gen Sie ggf. den ÔÇ×erforderlichenÔÇ£ Modifizierer hinzu, oder deklarieren Sie den Eigenschaft als NULL-Werte zulassend. [C:\tmp\DB-Optimizer-AI\DBOptimizer.Core\DBOptimizer.Core.csproj]
C:\tmp\DB-Optimizer-AI\DBOptimizer.Core\Services\IExecutiveDashboardService.cs(152,31): warning CS8618: Non-Nullable-Eigenschaft ÔÇ×AreasForImprovementÔÇ£ muss beim Beenden des Konstruktors einen Wert ungleich NULL enthalten. F├╝gen Sie ggf. den ÔÇ×erforderlichenÔÇ£ Modifizierer hinzu, oder deklarieren Sie den Eigenschaft als NULL-Werte zulassend. [C:\tmp\DB-Optimizer-AI\DBOptimizer.Core\DBOptimizer.Core.csproj]
C:\tmp\DB-Optimizer-AI\DBOptimizer.Core\Services\IExecutiveDashboardService.cs(155,37): warning CS8618: Non-Nullable-Eigenschaft ÔÇ×HistoricalTrendÔÇ£ muss beim Beenden des Konstruktors einen Wert ungleich NULL enthalten. F├╝gen Sie ggf. den ÔÇ×erforderlichenÔÇ£ Modifizierer hinzu, oder deklarieren Sie den Eigenschaft als NULL-Werte zulassend. [C:\tmp\DB-Optimizer-AI\DBOptimizer.Core\DBOptimizer.Core.csproj]
C:\tmp\DB-Optimizer-AI\DBOptimizer.Core\Services\IExecutiveDashboardService.cs(245,19): warning CS8618: Non-Nullable-Eigenschaft ÔÇ×TitleÔÇ£ muss beim Beenden des Konstruktors einen Wert ungleich NULL enthalten. F├╝gen Sie ggf. den ÔÇ×erforderlichenÔÇ£ Modifizierer hinzu, oder deklarieren Sie den Eigenschaft als NULL-Werte zulassend. [C:\tmp\DB-Optimizer-AI\DBOptimizer.Core\DBOptimizer.Core.csproj]
C:\tmp\DB-Optimizer-AI\DBOptimizer.Core\Services\IExecutiveDashboardService.cs(246,19): warning CS8618: Non-Nullable-Eigenschaft ÔÇ×DescriptionÔÇ£ muss beim Beenden des Konstruktors einen Wert ungleich NULL enthalten. F├╝gen Sie ggf. den ÔÇ×erforderlichenÔÇ£ Modifizierer hinzu, oder deklarieren Sie den Eigenschaft als NULL-Werte zulassend. [C:\tmp\DB-Optimizer-AI\DBOptimizer.Core\DBOptimizer.Core.csproj]
C:\tmp\DB-Optimizer-AI\DBOptimizer.Core\Services\IExecutiveDashboardService.cs(254,19): warning CS8618: Non-Nullable-Eigenschaft ÔÇ×DescriptionÔÇ£ muss beim Beenden des Konstruktors einen Wert ungleich NULL enthalten. F├╝gen Sie ggf. den ÔÇ×erforderlichenÔÇ£ Modifizierer hinzu, oder deklarieren Sie den Eigenschaft als NULL-Werte zulassend. [C:\tmp\DB-Optimizer-AI\DBOptimizer.Core\DBOptimizer.Core.csproj]
C:\tmp\DB-Optimizer-AI\DBOptimizer.Core\Services\IExecutiveDashboardService.cs(235,43): warning CS8618: Non-Nullable-Eigenschaft ÔÇ×KeyPointsÔÇ£ muss beim Beenden des Konstruktors einen Wert ungleich NULL enthalten. F├╝gen Sie ggf. den ÔÇ×erforderlichenÔÇ£ Modifizierer hinzu, oder deklarieren Sie den Eigenschaft als NULL-Werte zulassend. [C:\tmp\DB-Optimizer-AI\DBOptimizer.Core\DBOptimizer.Core.csproj]
C:\tmp\DB-Optimizer-AI\DBOptimizer.Core\Services\IExecutiveDashboardService.cs(238,27): warning CS8618: Non-Nullable-Eigenschaft ÔÇ×WithoutToolCostÔÇ£ muss beim Beenden des Konstruktors einen Wert ungleich NULL enthalten. F├╝gen Sie ggf. den ÔÇ×erforderlichenÔÇ£ Modifizierer hinzu, oder deklarieren Sie den Eigenschaft als NULL-Werte zulassend. [C:\tmp\DB-Optimizer-AI\DBOptimizer.Core\DBOptimizer.Core.csproj]
C:\tmp\DB-Optimizer-AI\DBOptimizer.Core\Services\IExecutiveDashboardService.cs(239,27): warning CS8618: Non-Nullable-Eigenschaft ÔÇ×WithToolCostÔÇ£ muss beim Beenden des Konstruktors einen Wert ungleich NULL enthalten. F├╝gen Sie ggf. den ÔÇ×erforderlichenÔÇ£ Modifizierer hinzu, oder deklarieren Sie den Eigenschaft als NULL-Werte zulassend. [C:\tmp\DB-Optimizer-AI\DBOptimizer.Core\DBOptimizer.Core.csproj]
C:\tmp\DB-Optimizer-AI\DBOptimizer.Core\Services\IExecutiveDashboardService.cs(240,27): warning CS8618: Non-Nullable-Eigenschaft ÔÇ×NetDifferenceÔÇ£ muss beim Beenden des Konstruktors einen Wert ungleich NULL enthalten. F├╝gen Sie ggf. den ÔÇ×erforderlichenÔÇ£ Modifizierer hinzu, oder deklarieren Sie den Eigenschaft als NULL-Werte zulassend. [C:\tmp\DB-Optimizer-AI\DBOptimizer.Core\DBOptimizer.Core.csproj]
C:\tmp\DB-Optimizer-AI\DBOptimizer.Core\Services\IPerformanceHealthScoreService.cs(60,19): warning CS8618: Non-Nullable-Eigenschaft ÔÇ×DirectionÔÇ£ muss beim Beenden des Konstruktors einen Wert ungleich NULL enthalten. F├╝gen Sie ggf. den ÔÇ×erforderlichenÔÇ£ Modifizierer hinzu, oder deklarieren Sie den Eigenschaft als NULL-Werte zulassend. [C:\tmp\DB-Optimizer-AI\DBOptimizer.Core\DBOptimizer.Core.csproj]
C:\tmp\DB-Optimizer-AI\DBOptimizer.Core\Services\IPerformanceHealthScoreService.cs(61,19): warning CS8618: Non-Nullable-Eigenschaft ÔÇ×TrendIconÔÇ£ muss beim Beenden des Konstruktors einen Wert ungleich NULL enthalten. F├╝gen Sie ggf. den ÔÇ×erforderlichenÔÇ£ Modifizierer hinzu, oder deklarieren Sie den Eigenschaft als NULL-Werte zulassend. [C:\tmp\DB-Optimizer-AI\DBOptimizer.Core\DBOptimizer.Core.csproj]
C:\tmp\DB-Optimizer-AI\DBOptimizer.Core\Services\IPerformanceHealthScoreService.cs(46,19): warning CS8618: Non-Nullable-Eigenschaft ÔÇ×GradeÔÇ£ muss beim Beenden des Konstruktors einen Wert ungleich NULL enthalten. F├╝gen Sie ggf. den ÔÇ×erforderlichenÔÇ£ Modifizierer hinzu, oder deklarieren Sie den Eigenschaft als NULL-Werte zulassend. [C:\tmp\DB-Optimizer-AI\DBOptimizer.Core\DBOptimizer.Core.csproj]
C:\tmp\DB-Optimizer-AI\DBOptimizer.Core\Services\IPerformanceHealthScoreService.cs(47,19): warning CS8618: Non-Nullable-Eigenschaft ÔÇ×StatusÔÇ£ muss beim Beenden des Konstruktors einen Wert ungleich NULL enthalten. F├╝gen Sie ggf. den ÔÇ×erforderlichenÔÇ£ Modifizierer hinzu, oder deklarieren Sie den Eigenschaft als NULL-Werte zulassend. [C:\tmp\DB-Optimizer-AI\DBOptimizer.Core\DBOptimizer.Core.csproj]
C:\tmp\DB-Optimizer-AI\DBOptimizer.Core\Services\IPerformanceHealthScoreService.cs(48,24): warning CS8618: Non-Nullable-Eigenschaft ÔÇ×TrendÔÇ£ muss beim Beenden des Konstruktors einen Wert ungleich NULL enthalten. F├╝gen Sie ggf. den ÔÇ×erforderlichenÔÇ£ Modifizierer hinzu, oder deklarieren Sie den Eigenschaft als NULL-Werte zulassend. [C:\tmp\DB-Optimizer-AI\DBOptimizer.Core\DBOptimizer.Core.csproj]
C:\tmp\DB-Optimizer-AI\DBOptimizer.Core\Services\IPerformanceHealthScoreService.cs(51,19): warning CS8618: Non-Nullable-Eigenschaft ÔÇ×SummaryÔÇ£ muss beim Beenden des Konstruktors einen Wert ungleich NULL enthalten. F├╝gen Sie ggf. den ÔÇ×erforderlichenÔÇ£ Modifizierer hinzu, oder deklarieren Sie den Eigenschaft als NULL-Werte zulassend. [C:\tmp\DB-Optimizer-AI\DBOptimizer.Core\DBOptimizer.Core.csproj]
C:\tmp\DB-Optimizer-AI\DBOptimizer.Core\Services\IPerformanceHealthScoreService.cs(52,25): warning CS8618: Non-Nullable-Eigenschaft ÔÇ×TopStrengthsÔÇ£ muss beim Beenden des Konstruktors einen Wert ungleich NULL enthalten. F├╝gen Sie ggf. den ÔÇ×erforderlichenÔÇ£ Modifizierer hinzu, oder deklarieren Sie den Eigenschaft als NULL-Werte zulassend. [C:\tmp\DB-Optimizer-AI\DBOptimizer.Core\DBOptimizer.Core.csproj]
C:\tmp\DB-Optimizer-AI\DBOptimizer.Core\Services\IPerformanceHealthScoreService.cs(53,25): warning CS8618: Non-Nullable-Eigenschaft ÔÇ×TopWeaknessesÔÇ£ muss beim Beenden des Konstruktors einen Wert ungleich NULL enthalten. F├╝gen Sie ggf. den ÔÇ×erforderlichenÔÇ£ Modifizierer hinzu, oder deklarieren Sie den Eigenschaft als NULL-Werte zulassend. [C:\tmp\DB-Optimizer-AI\DBOptimizer.Core\DBOptimizer.Core.csproj]
C:\tmp\DB-Optimizer-AI\DBOptimizer.Core\Services\IPerformanceHealthScoreService.cs(88,19): warning CS8618: Non-Nullable-Eigenschaft ÔÇ×ComponentNameÔÇ£ muss beim Beenden des Konstruktors einen Wert ungleich NULL enthalten. F├╝gen Sie ggf. den ÔÇ×erforderlichenÔÇ£ Modifizierer hinzu, oder deklarieren Sie den Eigenschaft als NULL-Werte zulassend. [C:\tmp\DB-Optimizer-AI\DBOptimizer.Core\DBOptimizer.Core.csproj]
C:\tmp\DB-Optimizer-AI\DBOptimizer.Core\Services\IPerformanceHealthScoreService.cs(90,19): warning CS8618: Non-Nullable-Eigenschaft ÔÇ×GradeÔÇ£ muss beim Beenden des Konstruktors einen Wert ungleich NULL enthalten. F├╝gen Sie ggf. den ÔÇ×erforderlichenÔÇ£ Modifizierer hinzu, oder deklarieren Sie den Eigenschaft als NULL-Werte zulassend. [C:\tmp\DB-Optimizer-AI\DBOptimizer.Core\DBOptimizer.Core.csproj]
C:\tmp\DB-Optimizer-AI\DBOptimizer.Core\Services\IPerformanceHealthScoreService.cs(95,19): warning CS8618: Non-Nullable-Eigenschaft ÔÇ×VisualBarÔÇ£ muss beim Beenden des Konstruktors einen Wert ungleich NULL enthalten. F├╝gen Sie ggf. den ÔÇ×erforderlichenÔÇ£ Modifizierer hinzu, oder deklarieren Sie den Eigenschaft als NULL-Werte zulassend. [C:\tmp\DB-Optimizer-AI\DBOptimizer.Core\DBOptimizer.Core.csproj]
C:\tmp\DB-Optimizer-AI\DBOptimizer.Core\Services\IPerformanceHealthScoreService.cs(96,19): warning CS8618: Non-Nullable-Eigenschaft ÔÇ×ColorÔÇ£ muss beim Beenden des Konstruktors einen Wert ungleich NULL enthalten. F├╝gen Sie ggf. den ÔÇ×erforderlichenÔÇ£ Modifizierer hinzu, oder deklarieren Sie den Eigenschaft als NULL-Werte zulassend. [C:\tmp\DB-Optimizer-AI\DBOptimizer.Core\DBOptimizer.Core.csproj]
C:\tmp\DB-Optimizer-AI\DBOptimizer.Core\Services\IPerformanceHealthScoreService.cs(99,28): warning CS8618: Non-Nullable-Eigenschaft ÔÇ×SubMetricsÔÇ£ muss beim Beenden des Konstruktors einen Wert ungleich NULL enthalten. F├╝gen Sie ggf. den ÔÇ×erforderlichenÔÇ£ Modifizierer hinzu, oder deklarieren Sie den Eigenschaft als NULL-Werte zulassend. [C:\tmp\DB-Optimizer-AI\DBOptimizer.Core\DBOptimizer.Core.csproj]
C:\tmp\DB-Optimizer-AI\DBOptimizer.Core\Services\IPerformanceHealthScoreService.cs(70,19): warning CS8618: Non-Nullable-Eigenschaft ÔÇ×OverallGradeÔÇ£ muss beim Beenden des Konstruktors einen Wert ungleich NULL enthalten. F├╝gen Sie ggf. den ÔÇ×erforderlichenÔÇ£ Modifizierer hinzu, oder deklarieren Sie den Eigenschaft als NULL-Werte zulassend. [C:\tmp\DB-Optimizer-AI\DBOptimizer.Core\DBOptimizer.Core.csproj]
C:\tmp\DB-Optimizer-AI\DBOptimizer.Core\Services\IPerformanceHealthScoreService.cs(73,27): warning CS8618: Non-Nullable-Eigenschaft ÔÇ×QueryPerformanceÔÇ£ muss beim Beenden des Konstruktors einen Wert ungleich NULL enthalten. F├╝gen Sie ggf. den ÔÇ×erforderlichenÔÇ£ Modifizierer hinzu, oder deklarieren Sie den Eigenschaft als NULL-Werte zulassend. [C:\tmp\DB-Optimizer-AI\DBOptimizer.Core\DBOptimizer.Core.csproj]
C:\tmp\DB-Optimizer-AI\DBOptimizer.Core\Services\IPerformanceHealthScoreService.cs(74,27): warning CS8618: Non-Nullable-Eigenschaft ÔÇ×SystemReliabilityÔÇ£ muss beim Beenden des Konstruktors einen Wert ungleich NULL enthalten. F├╝gen Sie ggf. den ÔÇ×erforderlichenÔÇ£ Modifizierer hinzu, oder deklarieren Sie den Eigenschaft als NULL-Werte zulassend. [C:\tmp\DB-Optimizer-AI\DBOptimizer.Core\DBOptimizer.Core.csproj]
C:\tmp\DB-Optimizer-AI\DBOptimizer.Core\Services\IPerformanceHealthScoreService.cs(75,27): warning CS8618: Non-Nullable-Eigenschaft ÔÇ×ResourceEfficiencyÔÇ£ muss beim Beenden des Konstruktors einen Wert ungleich NULL enthalten. F├╝gen Sie ggf. den ÔÇ×erforderlichenÔÇ£ Modifizierer hinzu, oder deklarieren Sie den Eigenschaft als NULL-Werte zulassend. [C:\tmp\DB-Optimizer-AI\DBOptimizer.Core\DBOptimizer.Core.csproj]
C:\tmp\DB-Optimizer-AI\DBOptimizer.Core\Services\IPerformanceHealthScoreService.cs(76,27): warning CS8618: Non-Nullable-Eigenschaft ÔÇ×OptimizationQualityÔÇ£ muss beim Beenden des Konstruktors einen Wert ungleich NULL enthalten. F├╝gen Sie ggf. den ÔÇ×erforderlichenÔÇ£ Modifizierer hinzu, oder deklarieren Sie den Eigenschaft als NULL-Werte zulassend. [C:\tmp\DB-Optimizer-AI\DBOptimizer.Core\DBOptimizer.Core.csproj]
C:\tmp\DB-Optimizer-AI\DBOptimizer.Core\Services\IPerformanceHealthScoreService.cs(77,27): warning CS8618: Non-Nullable-Eigenschaft ÔÇ×CostEfficiencyÔÇ£ muss beim Beenden des Konstruktors einen Wert ungleich NULL enthalten. F├╝gen Sie ggf. den ÔÇ×erforderlichenÔÇ£ Modifizierer hinzu, oder deklarieren Sie den Eigenschaft als NULL-Werte zulassend. [C:\tmp\DB-Optimizer-AI\DBOptimizer.Core\DBOptimizer.Core.csproj]
C:\tmp\DB-Optimizer-AI\DBOptimizer.Core\Services\IPerformanceHealthScoreService.cs(80,31): warning CS8618: Non-Nullable-Eigenschaft ÔÇ×DetailedMetricsÔÇ£ muss beim Beenden des Konstruktors einen Wert ungleich NULL enthalten. F├╝gen Sie ggf. den ÔÇ×erforderlichenÔÇ£ Modifizierer hinzu, oder deklarieren Sie den Eigenschaft als NULL-Werte zulassend. [C:\tmp\DB-Optimizer-AI\DBOptimizer.Core\DBOptimizer.Core.csproj]
C:\tmp\DB-Optimizer-AI\DBOptimizer.Core\Services\IPerformanceHealthScoreService.cs(83,39): warning CS8618: Non-Nullable-Eigenschaft ÔÇ×ImprovementRecommendationsÔÇ£ muss beim Beenden des Konstruktors einen Wert ungleich NULL enthalten. F├╝gen Sie ggf. den ÔÇ×erforderlichenÔÇ£ Modifizierer hinzu, oder deklarieren Sie den Eigenschaft als NULL-Werte zulassend. [C:\tmp\DB-Optimizer-AI\DBOptimizer.Core\DBOptimizer.Core.csproj]
C:\tmp\DB-Optimizer-AI\DBOptimizer.Core\Services\IPerformanceHealthScoreService.cs(104,19): warning CS8618: Non-Nullable-Eigenschaft ÔÇ×NameÔÇ£ muss beim Beenden des Konstruktors einen Wert ungleich NULL enthalten. F├╝gen Sie ggf. den ÔÇ×erforderlichenÔÇ£ Modifizierer hinzu, oder deklarieren Sie den Eigenschaft als NULL-Werte zulassend. [C:\tmp\DB-Optimizer-AI\DBOptimizer.Core\DBOptimizer.Core.csproj]
C:\tmp\DB-Optimizer-AI\DBOptimizer.Core\Services\IPerformanceHealthScoreService.cs(106,19): warning CS8618: Non-Nullable-Eigenschaft ÔÇ×UnitÔÇ£ muss beim Beenden des Konstruktors einen Wert ungleich NULL enthalten. F├╝gen Sie ggf. den ÔÇ×erforderlichenÔÇ£ Modifizierer hinzu, oder deklarieren Sie den Eigenschaft als NULL-Werte zulassend. [C:\tmp\DB-Optimizer-AI\DBOptimizer.Core\DBOptimizer.Core.csproj]
C:\tmp\DB-Optimizer-AI\DBOptimizer.Core\Services\IPerformanceHealthScoreService.cs(107,19): warning CS8618: Non-Nullable-Eigenschaft ÔÇ×StatusÔÇ£ muss beim Beenden des Konstruktors einen Wert ungleich NULL enthalten. F├╝gen Sie ggf. den ÔÇ×erforderlichenÔÇ£ Modifizierer hinzu, oder deklarieren Sie den Eigenschaft als NULL-Werte zulassend. [C:\tmp\DB-Optimizer-AI\DBOptimizer.Core\DBOptimizer.Core.csproj]
C:\tmp\DB-Optimizer-AI\DBOptimizer.Core\Services\IPerformanceHealthScoreService.cs(125,19): warning CS8618: Non-Nullable-Eigenschaft ÔÇ×TitleÔÇ£ muss beim Beenden des Konstruktors einen Wert ungleich NULL enthalten. F├╝gen Sie ggf. den ÔÇ×erforderlichenÔÇ£ Modifizierer hinzu, oder deklarieren Sie den Eigenschaft als NULL-Werte zulassend. [C:\tmp\DB-Optimizer-AI\DBOptimizer.Core\DBOptimizer.Core.csproj]
C:\tmp\DB-Optimizer-AI\DBOptimizer.Core\Services\IPerformanceHealthScoreService.cs(126,19): warning CS8618: Non-Nullable-Eigenschaft ÔÇ×DescriptionÔÇ£ muss beim Beenden des Konstruktors einen Wert ungleich NULL enthalten. F├╝gen Sie ggf. den ÔÇ×erforderlichenÔÇ£ Modifizierer hinzu, oder deklarieren Sie den Eigenschaft als NULL-Werte zulassend. [C:\tmp\DB-Optimizer-AI\DBOptimizer.Core\DBOptimizer.Core.csproj]
C:\tmp\DB-Optimizer-AI\DBOptimizer.Core\Services\IPerformanceHealthScoreService.cs(128,19): warning CS8618: Non-Nullable-Eigenschaft ÔÇ×CategoryÔÇ£ muss beim Beenden des Konstruktors einen Wert ungleich NULL enthalten. F├╝gen Sie ggf. den ÔÇ×erforderlichenÔÇ£ Modifizierer hinzu, oder deklarieren Sie den Eigenschaft als NULL-Werte zulassend. [C:\tmp\DB-Optimizer-AI\DBOptimizer.Core\DBOptimizer.Core.csproj]
C:\tmp\DB-Optimizer-AI\DBOptimizer.Core\Services\IPerformanceHealthScoreService.cs(130,19): warning CS8618: Non-Nullable-Eigenschaft ÔÇ×DifficultyÔÇ£ muss beim Beenden des Konstruktors einen Wert ungleich NULL enthalten. F├╝gen Sie ggf. den ÔÇ×erforderlichenÔÇ£ Modifizierer hinzu, oder deklarieren Sie den Eigenschaft als NULL-Werte zulassend. [C:\tmp\DB-Optimizer-AI\DBOptimizer.Core\DBOptimizer.Core.csproj]
C:\tmp\DB-Optimizer-AI\DBOptimizer.Core\Services\IPerformanceHealthScoreService.cs(113,19): warning CS8618: Non-Nullable-Eigenschaft ÔÇ×CategoryÔÇ£ muss beim Beenden des Konstruktors einen Wert ungleich NULL enthalten. F├╝gen Sie ggf. den ÔÇ×erforderlichenÔÇ£ Modifizierer hinzu, oder deklarieren Sie den Eigenschaft als NULL-Werte zulassend. [C:\tmp\DB-Optimizer-AI\DBOptimizer.Core\DBOptimizer.Core.csproj]
C:\tmp\DB-Optimizer-AI\DBOptimizer.Core\Services\IPerformanceHealthScoreService.cs(114,19): warning CS8618: Non-Nullable-Eigenschaft ÔÇ×NameÔÇ£ muss beim Beenden des Konstruktors einen Wert ungleich NULL enthalten. F├╝gen Sie ggf. den ÔÇ×erforderlichenÔÇ£ Modifizierer hinzu, oder deklarieren Sie den Eigenschaft als NULL-Werte zulassend. [C:\tmp\DB-Optimizer-AI\DBOptimizer.Core\DBOptimizer.Core.csproj]
C:\tmp\DB-Optimizer-AI\DBOptimizer.Core\Services\IPerformanceHealthScoreService.cs(115,19): warning CS8618: Non-Nullable-Eigenschaft ÔÇ×CurrentValueÔÇ£ muss beim Beenden des Konstruktors einen Wert ungleich NULL enthalten. F├╝gen Sie ggf. den ÔÇ×erforderlichenÔÇ£ Modifizierer hinzu, oder deklarieren Sie den Eigenschaft als NULL-Werte zulassend. [C:\tmp\DB-Optimizer-AI\DBOptimizer.Core\DBOptimizer.Core.csproj]
C:\tmp\DB-Optimizer-AI\DBOptimizer.Core\Services\IPerformanceHealthScoreService.cs(116,19): warning CS8618: Non-Nullable-Eigenschaft ÔÇ×BaselineÔÇ£ muss beim Beenden des Konstruktors einen Wert ungleich NULL enthalten. F├╝gen Sie ggf. den ÔÇ×erforderlichenÔÇ£ Modifizierer hinzu, oder deklarieren Sie den Eigenschaft als NULL-Werte zulassend. [C:\tmp\DB-Optimizer-AI\DBOptimizer.Core\DBOptimizer.Core.csproj]
C:\tmp\DB-Optimizer-AI\DBOptimizer.Core\Services\IPerformanceHealthScoreService.cs(117,19): warning CS8618: Non-Nullable-Eigenschaft ÔÇ×TargetÔÇ£ muss beim Beenden des Konstruktors einen Wert ungleich NULL enthalten. F├╝gen Sie ggf. den ÔÇ×erforderlichenÔÇ£ Modifizierer hinzu, oder deklarieren Sie den Eigenschaft als NULL-Werte zulassend. [C:\tmp\DB-Optimizer-AI\DBOptimizer.Core\DBOptimizer.Core.csproj]
C:\tmp\DB-Optimizer-AI\DBOptimizer.Core\Services\IPerformanceHealthScoreService.cs(118,19): warning CS8618: Non-Nullable-Eigenschaft ÔÇ×StatusÔÇ£ muss beim Beenden des Konstruktors einen Wert ungleich NULL enthalten. F├╝gen Sie ggf. den ÔÇ×erforderlichenÔÇ£ Modifizierer hinzu, oder deklarieren Sie den Eigenschaft als NULL-Werte zulassend. [C:\tmp\DB-Optimizer-AI\DBOptimizer.Core\DBOptimizer.Core.csproj]
C:\tmp\DB-Optimizer-AI\DBOptimizer.Core\Services\IPerformanceHealthScoreService.cs(178,19): warning CS8618: Non-Nullable-Eigenschaft ÔÇ×StatusÔÇ£ muss beim Beenden des Konstruktors einen Wert ungleich NULL enthalten. F├╝gen Sie ggf. den ÔÇ×erforderlichenÔÇ£ Modifizierer hinzu, oder deklarieren Sie den Eigenschaft als NULL-Werte zulassend. [C:\tmp\DB-Optimizer-AI\DBOptimizer.Core\DBOptimizer.Core.csproj]
C:\tmp\DB-Optimizer-AI\DBOptimizer.Core\Services\ExecutiveDashboardService.cs(83,35): error CS0029: Der Typ "System.Collections.Generic.List<DBOptimizer.Core.Services.PerformanceHealthScoreHistory>" kann nicht implizit in "System.Collections.Generic.List<DBOptimizer.Core.Services.MonthlyHealthScore>" konvertiert werden. [C:\tmp\DB-Optimizer-AI\DBOptimizer.Core\DBOptimizer.Core.csproj]
C:\tmp\DB-Optimizer-AI\DBOptimizer.Core\Services\IPerformanceHealthScoreService.cs(161,19): warning CS8618: Non-Nullable-Eigenschaft ÔÇ×YourPercentileÔÇ£ muss beim Beenden des Konstruktors einen Wert ungleich NULL enthalten. F├╝gen Sie ggf. den ÔÇ×erforderlichenÔÇ£ Modifizierer hinzu, oder deklarieren Sie den Eigenschaft als NULL-Werte zulassend. [C:\tmp\DB-Optimizer-AI\DBOptimizer.Core\DBOptimizer.Core.csproj]
C:\tmp\DB-Optimizer-AI\DBOptimizer.Core\Services\IPerformanceHealthScoreService.cs(162,19): warning CS8618: Non-Nullable-Eigenschaft ÔÇ×RankingÔÇ£ muss beim Beenden des Konstruktors einen Wert ungleich NULL enthalten. F├╝gen Sie ggf. den ÔÇ×erforderlichenÔÇ£ Modifizierer hinzu, oder deklarieren Sie den Eigenschaft als NULL-Werte zulassend. [C:\tmp\DB-Optimizer-AI\DBOptimizer.Core\DBOptimizer.Core.csproj]
C:\tmp\DB-Optimizer-AI\DBOptimizer.Core\Services\IPerformanceHealthScoreService.cs(165,51): warning CS8618: Non-Nullable-Eigenschaft ÔÇ×ComponentComparisonÔÇ£ muss beim Beenden des Konstruktors einen Wert ungleich NULL enthalten. F├╝gen Sie ggf. den ÔÇ×erforderlichenÔÇ£ Modifizierer hinzu, oder deklarieren Sie den Eigenschaft als NULL-Werte zulassend. [C:\tmp\DB-Optimizer-AI\DBOptimizer.Core\DBOptimizer.Core.csproj]
C:\tmp\DB-Optimizer-AI\DBOptimizer.Core\Services\IPerformanceHealthScoreService.cs(168,19): warning CS8618: Non-Nullable-Eigenschaft ÔÇ×IndustryÔÇ£ muss beim Beenden des Konstruktors einen Wert ungleich NULL enthalten. F├╝gen Sie ggf. den ÔÇ×erforderlichenÔÇ£ Modifizierer hinzu, oder deklarieren Sie den Eigenschaft als NULL-Werte zulassend. [C:\tmp\DB-Optimizer-AI\DBOptimizer.Core\DBOptimizer.Core.csproj]
C:\tmp\DB-Optimizer-AI\DBOptimizer.Core\Services\IPerformanceHealthScoreService.cs(169,19): warning CS8618: Non-Nullable-Eigenschaft ÔÇ×CompanySizeÔÇ£ muss beim Beenden des Konstruktors einen Wert ungleich NULL enthalten. F├╝gen Sie ggf. den ÔÇ×erforderlichenÔÇ£ Modifizierer hinzu, oder deklarieren Sie den Eigenschaft als NULL-Werte zulassend. [C:\tmp\DB-Optimizer-AI\DBOptimizer.Core\DBOptimizer.Core.csproj]
C:\tmp\DB-Optimizer-AI\DBOptimizer.Core\Services\IPerformanceHealthScoreService.cs(212,19): warning CS8618: Non-Nullable-Eigenschaft ÔÇ×NameÔÇ£ muss beim Beenden des Konstruktors einen Wert ungleich NULL enthalten. F├╝gen Sie ggf. den ÔÇ×erforderlichenÔÇ£ Modifizierer hinzu, oder deklarieren Sie den Eigenschaft als NULL-Werte zulassend. [C:\tmp\DB-Optimizer-AI\DBOptimizer.Core\DBOptimizer.Core.csproj]
C:\tmp\DB-Optimizer-AI\DBOptimizer.Core\Services\IPerformanceHealthScoreService.cs(213,19): warning CS8618: Non-Nullable-Eigenschaft ÔÇ×DescriptionÔÇ£ muss beim Beenden des Konstruktors einen Wert ungleich NULL enthalten. F├╝gen Sie ggf. den ÔÇ×erforderlichenÔÇ£ Modifizierer hinzu, oder deklarieren Sie den Eigenschaft als NULL-Werte zulassend. [C:\tmp\DB-Optimizer-AI\DBOptimizer.Core\DBOptimizer.Core.csproj]
C:\tmp\DB-Optimizer-AI\DBOptimizer.Core\Services\IPerformanceHealthScoreService.cs(216,19): warning CS8618: Non-Nullable-Eigenschaft ÔÇ×SeverityÔÇ£ muss beim Beenden des Konstruktors einen Wert ungleich NULL enthalten. F├╝gen Sie ggf. den ÔÇ×erforderlichenÔÇ£ Modifizierer hinzu, oder deklarieren Sie den Eigenschaft als NULL-Werte zulassend. [C:\tmp\DB-Optimizer-AI\DBOptimizer.Core\DBOptimizer.Core.csproj]
C:\tmp\DB-Optimizer-AI\DBOptimizer.Core\Services\IPerformanceHealthScoreService.cs(192,19): warning CS8618: Non-Nullable-Eigenschaft ÔÇ×TrajectoryÔÇ£ muss beim Beenden des Konstruktors einen Wert ungleich NULL enthalten. F├╝gen Sie ggf. den ÔÇ×erforderlichenÔÇ£ Modifizierer hinzu, oder deklarieren Sie den Eigenschaft als NULL-Werte zulassend. [C:\tmp\DB-Optimizer-AI\DBOptimizer.Core\DBOptimizer.Core.csproj]
C:\tmp\DB-Optimizer-AI\DBOptimizer.Core\Services\ExecutiveDashboardService.cs(119,35): error CS0029: Der Typ "System.Collections.Generic.List<DBOptimizer.Core.Services.PerformanceHealthScoreHistory>" kann nicht implizit in "System.Collections.Generic.List<DBOptimizer.Core.Services.MonthlyHealthScore>" konvertiert werden. [C:\tmp\DB-Optimizer-AI\DBOptimizer.Core\DBOptimizer.Core.csproj]
C:\tmp\DB-Optimizer-AI\DBOptimizer.Core\Services\ComplianceAuditService.cs(464,30): warning CS8601: M├Âgliche Nullverweiszuweisung. [C:\tmp\DB-Optimizer-AI\DBOptimizer.Core\DBOptimizer.Core.csproj]

Fehler beim Buildvorgang.

C:\tmp\DB-Optimizer-AI\DBOptimizer.WpfApp\DBOptimizer.WpfApp.csproj : warning NU1603: DBOptimizer.WpfApp h├ñngt von LiveChartsCore.SkiaSharpView.WPF (>= 2.0.0-rc4.3) ab, aber LiveChartsCore.SkiaSharpView.WPF 2.0.0-rc4.3 wurde nicht gefunden. LiveChartsCore.SkiaSharpView.WPF 2.0.0-rc4.5 wurde stattdessen aufgel├Âst. [C:\tmp\DB-Optimizer-AI\DBOptimizer.sln]
C:\tmp\DB-Optimizer-AI\DBOptimizer.WpfApp\DBOptimizer.WpfApp.csproj : warning NU1701: Das Paket "OpenTK 3.3.1" wurde nicht mit dem Projektzielframework "net8.0-windows7.0", sondern mit ".NETFramework,Version=v4.6.1, .NETFramework,Version=v4.6.2, .NETFramework,Version=v4.7, .NETFramework,Version=v4.7.1, .NETFramework,Version=v4.7.2, .NETFramework,Version=v4.8, .NETFramework,Version=v4.8.1" wiederhergestellt. Dieses Paket ist mit Ihrem Projekt m├Âglicherweise nicht vollst├ñndig kompatibel. [C:\tmp\DB-Optimizer-AI\DBOptimizer.sln]
C:\tmp\DB-Optimizer-AI\DBOptimizer.WpfApp\DBOptimizer.WpfApp.csproj : warning NU1701: Das Paket "OpenTK.GLWpfControl 3.3.0" wurde nicht mit dem Projektzielframework "net8.0-windows7.0", sondern mit ".NETFramework,Version=v4.6.1, .NETFramework,Version=v4.6.2, .NETFramework,Version=v4.7, .NETFramework,Version=v4.7.1, .NETFramework,Version=v4.7.2, .NETFramework,Version=v4.8, .NETFramework,Version=v4.8.1" wiederhergestellt. Dieses Paket ist mit Ihrem Projekt m├Âglicherweise nicht vollst├ñndig kompatibel. [C:\tmp\DB-Optimizer-AI\DBOptimizer.sln]
C:\tmp\DB-Optimizer-AI\DBOptimizer.WpfApp\DBOptimizer.WpfApp.csproj : warning NU1701: Das Paket "SkiaSharp.Views.WPF 3.0.0-preview.4.1" wurde nicht mit dem Projektzielframework "net8.0-windows7.0", sondern mit ".NETFramework,Version=v4.6.1, .NETFramework,Version=v4.6.2, .NETFramework,Version=v4.7, .NETFramework,Version=v4.7.1, .NETFramework,Version=v4.7.2, .NETFramework,Version=v4.8, .NETFramework,Version=v4.8.1" wiederhergestellt. Dieses Paket ist mit Ihrem Projekt m├Âglicherweise nicht vollst├ñndig kompatibel. [C:\tmp\DB-Optimizer-AI\DBOptimizer.sln]
C:\tmp\DB-Optimizer-AI\DBOptimizer.WpfApp\DBOptimizer.WpfApp.csproj : warning NU1603: DBOptimizer.WpfApp h├ñngt von LiveChartsCore.SkiaSharpView.WPF (>= 2.0.0-rc4.3) ab, aber LiveChartsCore.SkiaSharpView.WPF 2.0.0-rc4.3 wurde nicht gefunden. LiveChartsCore.SkiaSharpView.WPF 2.0.0-rc4.5 wurde stattdessen aufgel├Âst.
C:\tmp\DB-Optimizer-AI\DBOptimizer.WpfApp\DBOptimizer.WpfApp.csproj : warning NU1701: Das Paket "OpenTK 3.3.1" wurde nicht mit dem Projektzielframework "net8.0-windows7.0", sondern mit ".NETFramework,Version=v4.6.1, .NETFramework,Version=v4.6.2, .NETFramework,Version=v4.7, .NETFramework,Version=v4.7.1, .NETFramework,Version=v4.7.2, .NETFramework,Version=v4.8, .NETFramework,Version=v4.8.1" wiederhergestellt. Dieses Paket ist mit Ihrem Projekt m├Âglicherweise nicht vollst├ñndig kompatibel.
C:\tmp\DB-Optimizer-AI\DBOptimizer.WpfApp\DBOptimizer.WpfApp.csproj : warning NU1701: Das Paket "OpenTK.GLWpfControl 3.3.0" wurde nicht mit dem Projektzielframework "net8.0-windows7.0", sondern mit ".NETFramework,Version=v4.6.1, .NETFramework,Version=v4.6.2, .NETFramework,Version=v4.7, .NETFramework,Version=v4.7.1, .NETFramework,Version=v4.7.2, .NETFramework,Version=v4.8, .NETFramework,Version=v4.8.1" wiederhergestellt. Dieses Paket ist mit Ihrem Projekt m├Âglicherweise nicht vollst├ñndig kompatibel.
C:\tmp\DB-Optimizer-AI\DBOptimizer.WpfApp\DBOptimizer.WpfApp.csproj : warning NU1701: Das Paket "SkiaSharp.Views.WPF 3.0.0-preview.4.1" wurde nicht mit dem Projektzielframework "net8.0-windows7.0", sondern mit ".NETFramework,Version=v4.6.1, .NETFramework,Version=v4.6.2, .NETFramework,Version=v4.7, .NETFramework,Version=v4.7.1, .NETFramework,Version=v4.7.2, .NETFramework,Version=v4.8, .NETFramework,Version=v4.8.1" wiederhergestellt. Dieses Paket ist mit Ihrem Projekt m├Âglicherweise nicht vollst├ñndig kompatibel.
C:\tmp\DB-Optimizer-AI\DBOptimizer.Core\Services\IComplianceAuditService.cs(157,19): warning CS8618: Non-Nullable-Eigenschaft ÔÇ×CheckNameÔÇ£ muss beim Beenden des Konstruktors einen Wert ungleich NULL enthalten. F├╝gen Sie ggf. den ÔÇ×erforderlichenÔÇ£ Modifizierer hinzu, oder deklarieren Sie den Eigenschaft als NULL-Werte zulassend. [C:\tmp\DB-Optimizer-AI\DBOptimizer.Core\DBOptimizer.Core.csproj]
C:\tmp\DB-Optimizer-AI\DBOptimizer.Core\Services\IComplianceAuditService.cs(158,19): warning CS8618: Non-Nullable-Eigenschaft ÔÇ×DescriptionÔÇ£ muss beim Beenden des Konstruktors einen Wert ungleich NULL enthalten. F├╝gen Sie ggf. den ÔÇ×erforderlichenÔÇ£ Modifizierer hinzu, oder deklarieren Sie den Eigenschaft als NULL-Werte zulassend. [C:\tmp\DB-Optimizer-AI\DBOptimizer.Core\DBOptimizer.Core.csproj]
C:\tmp\DB-Optimizer-AI\DBOptimizer.Core\Services\IComplianceAuditService.cs(160,19): warning CS8618: Non-Nullable-Eigenschaft ÔÇ×ResultÔÇ£ muss beim Beenden des Konstruktors einen Wert ungleich NULL enthalten. F├╝gen Sie ggf. den ÔÇ×erforderlichenÔÇ£ Modifizierer hinzu, oder deklarieren Sie den Eigenschaft als NULL-Werte zulassend. [C:\tmp\DB-Optimizer-AI\DBOptimizer.Core\DBOptimizer.Core.csproj]
C:\tmp\DB-Optimizer-AI\DBOptimizer.Core\Services\IComplianceAuditService.cs(161,19): warning CS8618: Non-Nullable-Eigenschaft ÔÇ×EvidenceÔÇ£ muss beim Beenden des Konstruktors einen Wert ungleich NULL enthalten. F├╝gen Sie ggf. den ÔÇ×erforderlichenÔÇ£ Modifizierer hinzu, oder deklarieren Sie den Eigenschaft als NULL-Werte zulassend. [C:\tmp\DB-Optimizer-AI\DBOptimizer.Core\DBOptimizer.Core.csproj]
C:\tmp\DB-Optimizer-AI\DBOptimizer.Core\Services\IComplianceAuditService.cs(166,19): warning CS8618: Non-Nullable-Eigenschaft ÔÇ×ViolationTypeÔÇ£ muss beim Beenden des Konstruktors einen Wert ungleich NULL enthalten. F├╝gen Sie ggf. den ÔÇ×erforderlichenÔÇ£ Modifizierer hinzu, oder deklarieren Sie den Eigenschaft als NULL-Werte zulassend. [C:\tmp\DB-Optimizer-AI\DBOptimizer.Core\DBOptimizer.Core.csproj]
C:\tmp\DB-Optimizer-AI\DBOptimizer.Core\Services\IComplianceAuditService.cs(167,19): warning CS8618: Non-Nullable-Eigenschaft ÔÇ×DescriptionÔÇ£ muss beim Beenden des Konstruktors einen Wert ungleich NULL enthalten. F├╝gen Sie ggf. den ÔÇ×erforderlichenÔÇ£ Modifizierer hinzu, oder deklarieren Sie den Eigenschaft als NULL-Werte zulassend. [C:\tmp\DB-Optimizer-AI\DBOptimizer.Core\DBOptimizer.Core.csproj]
C:\tmp\DB-Optimizer-AI\DBOptimizer.Core\Services\IComplianceAuditService.cs(168,19): warning CS8618: Non-Nullable-Eigenschaft ÔÇ×SeverityÔÇ£ muss beim Beenden des Konstruktors einen Wert ungleich NULL enthalten. F├╝gen Sie ggf. den ÔÇ×erforderlichenÔÇ£ Modifizierer hinzu, oder deklarieren Sie den Eigenschaft als NULL-Werte zulassend. [C:\tmp\DB-Optimizer-AI\DBOptimizer.Core\DBOptimizer.Core.csproj]
C:\tmp\DB-Optimizer-AI\DBOptimizer.Core\Services\IComplianceAuditService.cs(169,19): warning CS8618: Non-Nullable-Eigenschaft ÔÇ×RecommendationÔÇ£ muss beim Beenden des Konstruktors einen Wert ungleich NULL enthalten. F├╝gen Sie ggf. den ÔÇ×erforderlichenÔÇ£ Modifizierer hinzu, oder deklarieren Sie den Eigenschaft als NULL-Werte zulassend. [C:\tmp\DB-Optimizer-AI\DBOptimizer.Core\DBOptimizer.Core.csproj]
C:\tmp\DB-Optimizer-AI\DBOptimizer.Core\Services\IComplianceAuditService.cs(125,34): warning CS8618: Non-Nullable-Eigenschaft ÔÇ×ComplianceChecksÔÇ£ muss beim Beenden des Konstruktors einen Wert ungleich NULL enthalten. F├╝gen Sie ggf. den ÔÇ×erforderlichenÔÇ£ Modifizierer hinzu, oder deklarieren Sie den Eigenschaft als NULL-Werte zulassend. [C:\tmp\DB-Optimizer-AI\DBOptimizer.Core\DBOptimizer.Core.csproj]
C:\tmp\DB-Optimizer-AI\DBOptimizer.Core\Services\IComplianceAuditService.cs(128,29): warning CS8618: Non-Nullable-Eigenschaft ÔÇ×HighImpactChangesÔÇ£ muss beim Beenden des Konstruktors einen Wert ungleich NULL enthalten. F├╝gen Sie ggf. den ÔÇ×erforderlichenÔÇ£ Modifizierer hinzu, oder deklarieren Sie den Eigenschaft als NULL-Werte zulassend. [C:\tmp\DB-Optimizer-AI\DBOptimizer.Core\DBOptimizer.Core.csproj]
C:\tmp\DB-Optimizer-AI\DBOptimizer.Core\Services\IComplianceAuditService.cs(131,38): warning CS8618: Non-Nullable-Eigenschaft ÔÇ×ViolationsÔÇ£ muss beim Beenden des Konstruktors einen Wert ungleich NULL enthalten. F├╝gen Sie ggf. den ÔÇ×erforderlichenÔÇ£ Modifizierer hinzu, oder deklarieren Sie den Eigenschaft als NULL-Werte zulassend. [C:\tmp\DB-Optimizer-AI\DBOptimizer.Core\DBOptimizer.Core.csproj]
C:\tmp\DB-Optimizer-AI\DBOptimizer.Core\Services\IComplianceAuditService.cs(134,25): warning CS8618: Non-Nullable-Eigenschaft ÔÇ×RecommendationsÔÇ£ muss beim Beenden des Konstruktors einen Wert ungleich NULL enthalten. F├╝gen Sie ggf. den ÔÇ×erforderlichenÔÇ£ Modifizierer hinzu, oder deklarieren Sie den Eigenschaft als NULL-Werte zulassend. [C:\tmp\DB-Optimizer-AI\DBOptimizer.Core\DBOptimizer.Core.csproj]
C:\tmp\DB-Optimizer-AI\DBOptimizer.Core\Services\IComplianceAuditService.cs(182,22): warning CS8618: Non-Nullable-Eigenschaft ÔÇ×ResponseTimeSlaÔÇ£ muss beim Beenden des Konstruktors einen Wert ungleich NULL enthalten. F├╝gen Sie ggf. den ÔÇ×erforderlichenÔÇ£ Modifizierer hinzu, oder deklarieren Sie den Eigenschaft als NULL-Werte zulassend. [C:\tmp\DB-Optimizer-AI\DBOptimizer.Core\DBOptimizer.Core.csproj]
C:\tmp\DB-Optimizer-AI\DBOptimizer.Core\Services\IComplianceAuditService.cs(185,22): warning CS8618: Non-Nullable-Eigenschaft ÔÇ×UptimeSlaÔÇ£ muss beim Beenden des Konstruktors einen Wert ungleich NULL enthalten. F├╝gen Sie ggf. den ÔÇ×erforderlichenÔÇ£ Modifizierer hinzu, oder deklarieren Sie den Eigenschaft als NULL-Werte zulassend. [C:\tmp\DB-Optimizer-AI\DBOptimizer.Core\DBOptimizer.Core.csproj]
C:\tmp\DB-Optimizer-AI\DBOptimizer.Core\Services\IComplianceAuditService.cs(188,22): warning CS8618: Non-Nullable-Eigenschaft ÔÇ×QueryPerformanceSlaÔÇ£ muss beim Beenden des Konstruktors einen Wert ungleich NULL enthalten. F├╝gen Sie ggf. den ÔÇ×erforderlichenÔÇ£ Modifizierer hinzu, oder deklarieren Sie den Eigenschaft als NULL-Werte zulassend. [C:\tmp\DB-Optimizer-AI\DBOptimizer.Core\DBOptimizer.Core.csproj]
C:\tmp\DB-Optimizer-AI\DBOptimizer.Core\Services\IComplianceAuditService.cs(191,22): warning CS8618: Non-Nullable-Eigenschaft ÔÇ×IncidentResponseSlaÔÇ£ muss beim Beenden des Konstruktors einen Wert ungleich NULL enthalten. F├╝gen Sie ggf. den ÔÇ×erforderlichenÔÇ£ Modifizierer hinzu, oder deklarieren Sie den Eigenschaft als NULL-Werte zulassend. [C:\tmp\DB-Optimizer-AI\DBOptimizer.Core\DBOptimizer.Core.csproj]
C:\tmp\DB-Optimizer-AI\DBOptimizer.Core\Services\IComplianceAuditService.cs(54,19): warning CS8618: Non-Nullable-Eigenschaft ÔÇ×IdÔÇ£ muss beim Beenden des Konstruktors einen Wert ungleich NULL enthalten. F├╝gen Sie ggf. den ÔÇ×erforderlichenÔÇ£ Modifizierer hinzu, oder deklarieren Sie den Eigenschaft als NULL-Werte zulassend. [C:\tmp\DB-Optimizer-AI\DBOptimizer.Core\DBOptimizer.Core.csproj]
C:\tmp\DB-Optimizer-AI\DBOptimizer.Core\Services\IComplianceAuditService.cs(56,19): warning CS8618: Non-Nullable-Eigenschaft ÔÇ×ActionTypeÔÇ£ muss beim Beenden des Konstruktors einen Wert ungleich NULL enthalten. F├╝gen Sie ggf. den ÔÇ×erforderlichenÔÇ£ Modifizierer hinzu, oder deklarieren Sie den Eigenschaft als NULL-Werte zulassend. [C:\tmp\DB-Optimizer-AI\DBOptimizer.Core\DBOptimizer.Core.csproj]
C:\tmp\DB-Optimizer-AI\DBOptimizer.Core\Services\IComplianceAuditService.cs(57,19): warning CS8618: Non-Nullable-Eigenschaft ÔÇ×DescriptionÔÇ£ muss beim Beenden des Konstruktors einen Wert ungleich NULL enthalten. F├╝gen Sie ggf. den ÔÇ×erforderlichenÔÇ£ Modifizierer hinzu, oder deklarieren Sie den Eigenschaft als NULL-Werte zulassend. [C:\tmp\DB-Optimizer-AI\DBOptimizer.Core\DBOptimizer.Core.csproj]
C:\tmp\DB-Optimizer-AI\DBOptimizer.Core\Services\IComplianceAuditService.cs(58,19): warning CS8618: Non-Nullable-Eigenschaft ÔÇ×UserEmailÔÇ£ muss beim Beenden des Konstruktors einen Wert ungleich NULL enthalten. F├╝gen Sie ggf. den ÔÇ×erforderlichenÔÇ£ Modifizierer hinzu, oder deklarieren Sie den Eigenschaft als NULL-Werte zulassend. [C:\tmp\DB-Optimizer-AI\DBOptimizer.Core\DBOptimizer.Core.csproj]
C:\tmp\DB-Optimizer-AI\DBOptimizer.Core\Services\IComplianceAuditService.cs(59,19): warning CS8618: Non-Nullable-Eigenschaft ÔÇ×UserNameÔÇ£ muss beim Beenden des Konstruktors einen Wert ungleich NULL enthalten. F├╝gen Sie ggf. den ÔÇ×erforderlichenÔÇ£ Modifizierer hinzu, oder deklarieren Sie den Eigenschaft als NULL-Werte zulassend. [C:\tmp\DB-Optimizer-AI\DBOptimizer.Core\DBOptimizer.Core.csproj]
C:\tmp\DB-Optimizer-AI\DBOptimizer.Core\Services\IComplianceAuditService.cs(60,19): warning CS8618: Non-Nullable-Eigenschaft ÔÇ×ApprovedByÔÇ£ muss beim Beenden des Konstruktors einen Wert ungleich NULL enthalten. F├╝gen Sie ggf. den ÔÇ×erforderlichenÔÇ£ Modifizierer hinzu, oder deklarieren Sie den Eigenschaft als NULL-Werte zulassend. [C:\tmp\DB-Optimizer-AI\DBOptimizer.Core\DBOptimizer.Core.csproj]
C:\tmp\DB-Optimizer-AI\DBOptimizer.Core\Services\IComplianceAuditService.cs(65,19): warning CS8618: Non-Nullable-Eigenschaft ÔÇ×TargetObjectÔÇ£ muss beim Beenden des Konstruktors einen Wert ungleich NULL enthalten. F├╝gen Sie ggf. den ÔÇ×erforderlichenÔÇ£ Modifizierer hinzu, oder deklarieren Sie den Eigenschaft als NULL-Werte zulassend. [C:\tmp\DB-Optimizer-AI\DBOptimizer.Core\DBOptimizer.Core.csproj]
C:\tmp\DB-Optimizer-AI\DBOptimizer.Core\Services\IComplianceAuditService.cs(66,19): warning CS8618: Non-Nullable-Eigenschaft ÔÇ×BeforeStateÔÇ£ muss beim Beenden des Konstruktors einen Wert ungleich NULL enthalten. F├╝gen Sie ggf. den ÔÇ×erforderlichenÔÇ£ Modifizierer hinzu, oder deklarieren Sie den Eigenschaft als NULL-Werte zulassend. [C:\tmp\DB-Optimizer-AI\DBOptimizer.Core\DBOptimizer.Core.csproj]
C:\tmp\DB-Optimizer-AI\DBOptimizer.Core\Services\IComplianceAuditService.cs(67,19): warning CS8618: Non-Nullable-Eigenschaft ÔÇ×AfterStateÔÇ£ muss beim Beenden des Konstruktors einen Wert ungleich NULL enthalten. F├╝gen Sie ggf. den ÔÇ×erforderlichenÔÇ£ Modifizierer hinzu, oder deklarieren Sie den Eigenschaft als NULL-Werte zulassend. [C:\tmp\DB-Optimizer-AI\DBOptimizer.Core\DBOptimizer.Core.csproj]
C:\tmp\DB-Optimizer-AI\DBOptimizer.Core\Services\IComplianceAuditService.cs(68,19): warning CS8618: Non-Nullable-Eigenschaft ÔÇ×SqlScriptÔÇ£ muss beim Beenden des Konstruktors einen Wert ungleich NULL enthalten. F├╝gen Sie ggf. den ÔÇ×erforderlichenÔÇ£ Modifizierer hinzu, oder deklarieren Sie den Eigenschaft als NULL-Werte zulassend. [C:\tmp\DB-Optimizer-AI\DBOptimizer.Core\DBOptimizer.Core.csproj]
C:\tmp\DB-Optimizer-AI\DBOptimizer.Core\Services\IComplianceAuditService.cs(72,19): warning CS8618: Non-Nullable-Eigenschaft ÔÇ×ImpactDescriptionÔÇ£ muss beim Beenden des Konstruktors einen Wert ungleich NULL enthalten. F├╝gen Sie ggf. den ÔÇ×erforderlichenÔÇ£ Modifizierer hinzu, oder deklarieren Sie den Eigenschaft als NULL-Werte zulassend. [C:\tmp\DB-Optimizer-AI\DBOptimizer.Core\DBOptimizer.Core.csproj]
C:\tmp\DB-Optimizer-AI\DBOptimizer.Core\Services\IComplianceAuditService.cs(77,25): warning CS8618: Non-Nullable-Eigenschaft ÔÇ×ValidationChecksÔÇ£ muss beim Beenden des Konstruktors einen Wert ungleich NULL enthalten. F├╝gen Sie ggf. den ÔÇ×erforderlichenÔÇ£ Modifizierer hinzu, oder deklarieren Sie den Eigenschaft als NULL-Werte zulassend. [C:\tmp\DB-Optimizer-AI\DBOptimizer.Core\DBOptimizer.Core.csproj]
C:\tmp\DB-Optimizer-AI\DBOptimizer.Core\Services\IComplianceAuditService.cs(81,19): warning CS8618: Non-Nullable-Eigenschaft ÔÇ×StatusMessageÔÇ£ muss beim Beenden des Konstruktors einen Wert ungleich NULL enthalten. F├╝gen Sie ggf. den ÔÇ×erforderlichenÔÇ£ Modifizierer hinzu, oder deklarieren Sie den Eigenschaft als NULL-Werte zulassend. [C:\tmp\DB-Optimizer-AI\DBOptimizer.Core\DBOptimizer.Core.csproj]
C:\tmp\DB-Optimizer-AI\DBOptimizer.Core\Services\IComplianceAuditService.cs(85,19): warning CS8618: Non-Nullable-Eigenschaft ÔÇ×RollbackScriptÔÇ£ muss beim Beenden des Konstruktors einen Wert ungleich NULL enthalten. F├╝gen Sie ggf. den ÔÇ×erforderlichenÔÇ£ Modifizierer hinzu, oder deklarieren Sie den Eigenschaft als NULL-Werte zulassend. [C:\tmp\DB-Optimizer-AI\DBOptimizer.Core\DBOptimizer.Core.csproj]
C:\tmp\DB-Optimizer-AI\DBOptimizer.Core\Services\IComplianceAuditService.cs(212,19): warning CS8618: Non-Nullable-Eigenschaft ÔÇ×DescriptionÔÇ£ muss beim Beenden des Konstruktors einen Wert ungleich NULL enthalten. F├╝gen Sie ggf. den ÔÇ×erforderlichenÔÇ£ Modifizierer hinzu, oder deklarieren Sie den Eigenschaft als NULL-Werte zulassend. [C:\tmp\DB-Optimizer-AI\DBOptimizer.Core\DBOptimizer.Core.csproj]
C:\tmp\DB-Optimizer-AI\DBOptimizer.Core\Services\IComplianceAuditService.cs(214,19): warning CS8618: Non-Nullable-Eigenschaft ÔÇ×ImpactÔÇ£ muss beim Beenden des Konstruktors einen Wert ungleich NULL enthalten. F├╝gen Sie ggf. den ÔÇ×erforderlichenÔÇ£ Modifizierer hinzu, oder deklarieren Sie den Eigenschaft als NULL-Werte zulassend. [C:\tmp\DB-Optimizer-AI\DBOptimizer.Core\DBOptimizer.Core.csproj]
C:\tmp\DB-Optimizer-AI\DBOptimizer.Core\Services\IComplianceAuditService.cs(200,19): warning CS8618: Non-Nullable-Eigenschaft ÔÇ×MetricNameÔÇ£ muss beim Beenden des Konstruktors einen Wert ungleich NULL enthalten. F├╝gen Sie ggf. den ÔÇ×erforderlichenÔÇ£ Modifizierer hinzu, oder deklarieren Sie den Eigenschaft als NULL-Werte zulassend. [C:\tmp\DB-Optimizer-AI\DBOptimizer.Core\DBOptimizer.Core.csproj]
C:\tmp\DB-Optimizer-AI\DBOptimizer.Core\Services\IComplianceAuditService.cs(203,19): warning CS8618: Non-Nullable-Eigenschaft ÔÇ×UnitÔÇ£ muss beim Beenden des Konstruktors einen Wert ungleich NULL enthalten. F├╝gen Sie ggf. den ÔÇ×erforderlichenÔÇ£ Modifizierer hinzu, oder deklarieren Sie den Eigenschaft als NULL-Werte zulassend. [C:\tmp\DB-Optimizer-AI\DBOptimizer.Core\DBOptimizer.Core.csproj]
C:\tmp\DB-Optimizer-AI\DBOptimizer.Core\Services\IComplianceAuditService.cs(206,31): warning CS8618: Non-Nullable-Eigenschaft ÔÇ×ViolationsÔÇ£ muss beim Beenden des Konstruktors einen Wert ungleich NULL enthalten. F├╝gen Sie ggf. den ÔÇ×erforderlichenÔÇ£ Modifizierer hinzu, oder deklarieren Sie den Eigenschaft als NULL-Werte zulassend. [C:\tmp\DB-Optimizer-AI\DBOptimizer.Core\DBOptimizer.Core.csproj]
C:\tmp\DB-Optimizer-AI\DBOptimizer.Core\Services\IComplianceAuditService.cs(236,36): warning CS8618: Non-Nullable-Eigenschaft ÔÇ×ByActionTypeÔÇ£ muss beim Beenden des Konstruktors einen Wert ungleich NULL enthalten. F├╝gen Sie ggf. den ÔÇ×erforderlichenÔÇ£ Modifizierer hinzu, oder deklarieren Sie den Eigenschaft als NULL-Werte zulassend. [C:\tmp\DB-Optimizer-AI\DBOptimizer.Core\DBOptimizer.Core.csproj]
C:\tmp\DB-Optimizer-AI\DBOptimizer.Core\Services\IComplianceAuditService.cs(237,36): warning CS8618: Non-Nullable-Eigenschaft ÔÇ×ByUserÔÇ£ muss beim Beenden des Konstruktors einen Wert ungleich NULL enthalten. F├╝gen Sie ggf. den ÔÇ×erforderlichenÔÇ£ Modifizierer hinzu, oder deklarieren Sie den Eigenschaft als NULL-Werte zulassend. [C:\tmp\DB-Optimizer-AI\DBOptimizer.Core\DBOptimizer.Core.csproj]
C:\tmp\DB-Optimizer-AI\DBOptimizer.Core\Services\IComplianceAuditService.cs(240,35): warning CS8618: Non-Nullable-Eigenschaft ÔÇ×DailyTimelineÔÇ£ muss beim Beenden des Konstruktors einen Wert ungleich NULL enthalten. F├╝gen Sie ggf. den ÔÇ×erforderlichenÔÇ£ Modifizierer hinzu, oder deklarieren Sie den Eigenschaft als NULL-Werte zulassend. [C:\tmp\DB-Optimizer-AI\DBOptimizer.Core\DBOptimizer.Core.csproj]
C:\tmp\DB-Optimizer-AI\DBOptimizer.Core\Services\IComplianceAuditService.cs(256,19): warning CS8618: Non-Nullable-Eigenschaft ÔÇ×ChangeIdÔÇ£ muss beim Beenden des Konstruktors einen Wert ungleich NULL enthalten. F├╝gen Sie ggf. den ÔÇ×erforderlichenÔÇ£ Modifizierer hinzu, oder deklarieren Sie den Eigenschaft als NULL-Werte zulassend. [C:\tmp\DB-Optimizer-AI\DBOptimizer.Core\DBOptimizer.Core.csproj]
C:\tmp\DB-Optimizer-AI\DBOptimizer.Core\Services\IComplianceAuditService.cs(258,19): warning CS8618: Non-Nullable-Eigenschaft ÔÇ×RollbackScriptÔÇ£ muss beim Beenden des Konstruktors einen Wert ungleich NULL enthalten. F├╝gen Sie ggf. den ÔÇ×erforderlichenÔÇ£ Modifizierer hinzu, oder deklarieren Sie den Eigenschaft als NULL-Werte zulassend. [C:\tmp\DB-Optimizer-AI\DBOptimizer.Core\DBOptimizer.Core.csproj]
C:\tmp\DB-Optimizer-AI\DBOptimizer.Core\Services\IComplianceAuditService.cs(261,25): warning CS8618: Non-Nullable-Eigenschaft ÔÇ×PrerequisitesÔÇ£ muss beim Beenden des Konstruktors einen Wert ungleich NULL enthalten. F├╝gen Sie ggf. den ÔÇ×erforderlichenÔÇ£ Modifizierer hinzu, oder deklarieren Sie den Eigenschaft als NULL-Werte zulassend. [C:\tmp\DB-Optimizer-AI\DBOptimizer.Core\DBOptimizer.Core.csproj]
C:\tmp\DB-Optimizer-AI\DBOptimizer.Core\Services\IComplianceAuditService.cs(262,25): warning CS8618: Non-Nullable-Eigenschaft ÔÇ×WarningsÔÇ£ muss beim Beenden des Konstruktors einen Wert ungleich NULL enthalten. F├╝gen Sie ggf. den ÔÇ×erforderlichenÔÇ£ Modifizierer hinzu, oder deklarieren Sie den Eigenschaft als NULL-Werte zulassend. [C:\tmp\DB-Optimizer-AI\DBOptimizer.Core\DBOptimizer.Core.csproj]
C:\tmp\DB-Optimizer-AI\DBOptimizer.Core\Services\IExecutiveDashboardService.cs(91,19): warning CS8618: Non-Nullable-Eigenschaft ÔÇ×OverallGradeÔÇ£ muss beim Beenden des Konstruktors einen Wert ungleich NULL enthalten. F├╝gen Sie ggf. den ÔÇ×erforderlichenÔÇ£ Modifizierer hinzu, oder deklarieren Sie den Eigenschaft als NULL-Werte zulassend. [C:\tmp\DB-Optimizer-AI\DBOptimizer.Core\DBOptimizer.Core.csproj]
C:\tmp\DB-Optimizer-AI\DBOptimizer.Core\Services\IExecutiveDashboardService.cs(82,19): warning CS8618: Non-Nullable-Eigenschaft ÔÇ×OverallGradeÔÇ£ muss beim Beenden des Konstruktors einen Wert ungleich NULL enthalten. F├╝gen Sie ggf. den ÔÇ×erforderlichenÔÇ£ Modifizierer hinzu, oder deklarieren Sie den Eigenschaft als NULL-Werte zulassend. [C:\tmp\DB-Optimizer-AI\DBOptimizer.Core\DBOptimizer.Core.csproj]
C:\tmp\DB-Optimizer-AI\DBOptimizer.Core\Services\IExecutiveDashboardService.cs(55,19): warning CS8618: Non-Nullable-Eigenschaft ÔÇ×HealthGradeÔÇ£ muss beim Beenden des Konstruktors einen Wert ungleich NULL enthalten. F├╝gen Sie ggf. den ÔÇ×erforderlichenÔÇ£ Modifizierer hinzu, oder deklarieren Sie den Eigenschaft als NULL-Werte zulassend. [C:\tmp\DB-Optimizer-AI\DBOptimizer.Core\DBOptimizer.Core.csproj]
C:\tmp\DB-Optimizer-AI\DBOptimizer.Core\Services\IExecutiveDashboardService.cs(59,31): warning CS8618: Non-Nullable-Eigenschaft ÔÇ×PerformanceÔÇ£ muss beim Beenden des Konstruktors einen Wert ungleich NULL enthalten. F├╝gen Sie ggf. den ÔÇ×erforderlichenÔÇ£ Modifizierer hinzu, oder deklarieren Sie den Eigenschaft als NULL-Werte zulassend. [C:\tmp\DB-Optimizer-AI\DBOptimizer.Core\DBOptimizer.Core.csproj]
C:\tmp\DB-Optimizer-AI\DBOptimizer.Core\Services\IExecutiveDashboardService.cs(60,24): warning CS8618: Non-Nullable-Eigenschaft ÔÇ×CostsÔÇ£ muss beim Beenden des Konstruktors einen Wert ungleich NULL enthalten. F├╝gen Sie ggf. den ÔÇ×erforderlichenÔÇ£ Modifizierer hinzu, oder deklarieren Sie den Eigenschaft als NULL-Werte zulassend. [C:\tmp\DB-Optimizer-AI\DBOptimizer.Core\DBOptimizer.Core.csproj]
C:\tmp\DB-Optimizer-AI\DBOptimizer.Core\Services\IExecutiveDashboardService.cs(61,31): warning CS8618: Non-Nullable-Eigenschaft ÔÇ×ReliabilityÔÇ£ muss beim Beenden des Konstruktors einen Wert ungleich NULL enthalten. F├╝gen Sie ggf. den ÔÇ×erforderlichenÔÇ£ Modifizierer hinzu, oder deklarieren Sie den Eigenschaft als NULL-Werte zulassend. [C:\tmp\DB-Optimizer-AI\DBOptimizer.Core\DBOptimizer.Core.csproj]
C:\tmp\DB-Optimizer-AI\DBOptimizer.Core\Services\IExecutiveDashboardService.cs(62,32): warning CS8618: Non-Nullable-Eigenschaft ÔÇ×OptimizationsÔÇ£ muss beim Beenden des Konstruktors einen Wert ungleich NULL enthalten. F├╝gen Sie ggf. den ÔÇ×erforderlichenÔÇ£ Modifizierer hinzu, oder deklarieren Sie den Eigenschaft als NULL-Werte zulassend. [C:\tmp\DB-Optimizer-AI\DBOptimizer.Core\DBOptimizer.Core.csproj]
C:\tmp\DB-Optimizer-AI\DBOptimizer.Core\Services\IExecutiveDashboardService.cs(65,30): warning CS8618: Non-Nullable-Eigenschaft ÔÇ×TopAchievementsÔÇ£ muss beim Beenden des Konstruktors einen Wert ungleich NULL enthalten. F├╝gen Sie ggf. den ÔÇ×erforderlichenÔÇ£ Modifizierer hinzu, oder deklarieren Sie den Eigenschaft als NULL-Werte zulassend. [C:\tmp\DB-Optimizer-AI\DBOptimizer.Core\DBOptimizer.Core.csproj]
C:\tmp\DB-Optimizer-AI\DBOptimizer.Core\Services\IExecutiveDashboardService.cs(74,19): warning CS8618: Non-Nullable-Eigenschaft ÔÇ×BoardReadySummaryÔÇ£ muss beim Beenden des Konstruktors einen Wert ungleich NULL enthalten. F├╝gen Sie ggf. den ÔÇ×erforderlichenÔÇ£ Modifizierer hinzu, oder deklarieren Sie den Eigenschaft als NULL-Werte zulassend. [C:\tmp\DB-Optimizer-AI\DBOptimizer.Core\DBOptimizer.Core.csproj]
C:\tmp\DB-Optimizer-AI\DBOptimizer.Core\Services\IExecutiveDashboardService.cs(77,37): warning CS8618: Non-Nullable-Eigenschaft ÔÇ×HistoricalTrendÔÇ£ muss beim Beenden des Konstruktors einen Wert ungleich NULL enthalten. F├╝gen Sie ggf. den ÔÇ×erforderlichenÔÇ£ Modifizierer hinzu, oder deklarieren Sie den Eigenschaft als NULL-Werte zulassend. [C:\tmp\DB-Optimizer-AI\DBOptimizer.Core\DBOptimizer.Core.csproj]
C:\tmp\DB-Optimizer-AI\DBOptimizer.Core\Services\IExecutiveDashboardService.cs(100,19): warning CS8618: Non-Nullable-Eigenschaft ÔÇ×OverallGradeÔÇ£ muss beim Beenden des Konstruktors einen Wert ungleich NULL enthalten. F├╝gen Sie ggf. den ÔÇ×erforderlichenÔÇ£ Modifizierer hinzu, oder deklarieren Sie den Eigenschaft als NULL-Werte zulassend. [C:\tmp\DB-Optimizer-AI\DBOptimizer.Core\DBOptimizer.Core.csproj]
C:\tmp\DB-Optimizer-AI\DBOptimizer.Core\Services\IExecutiveDashboardService.cs(129,19): warning CS8618: Non-Nullable-Eigenschaft ÔÇ×GradeÔÇ£ muss beim Beenden des Konstruktors einen Wert ungleich NULL enthalten. F├╝gen Sie ggf. den ÔÇ×erforderlichenÔÇ£ Modifizierer hinzu, oder deklarieren Sie den Eigenschaft als NULL-Werte zulassend. [C:\tmp\DB-Optimizer-AI\DBOptimizer.Core\DBOptimizer.Core.csproj]
C:\tmp\DB-Optimizer-AI\DBOptimizer.Core\Services\IExecutiveDashboardService.cs(119,19): warning CS8618: Non-Nullable-Eigenschaft ÔÇ×TitleÔÇ£ muss beim Beenden des Konstruktors einen Wert ungleich NULL enthalten. F├╝gen Sie ggf. den ÔÇ×erforderlichenÔÇ£ Modifizierer hinzu, oder deklarieren Sie den Eigenschaft als NULL-Werte zulassend. [C:\tmp\DB-Optimizer-AI\DBOptimizer.Core\DBOptimizer.Core.csproj]
C:\tmp\DB-Optimizer-AI\DBOptimizer.Core\Services\IExecutiveDashboardService.cs(120,19): warning CS8618: Non-Nullable-Eigenschaft ÔÇ×DescriptionÔÇ£ muss beim Beenden des Konstruktors einen Wert ungleich NULL enthalten. F├╝gen Sie ggf. den ÔÇ×erforderlichenÔÇ£ Modifizierer hinzu, oder deklarieren Sie den Eigenschaft als NULL-Werte zulassend. [C:\tmp\DB-Optimizer-AI\DBOptimizer.Core\DBOptimizer.Core.csproj]
C:\tmp\DB-Optimizer-AI\DBOptimizer.Core\Services\IExecutiveDashboardService.cs(121,19): warning CS8618: Non-Nullable-Eigenschaft ÔÇ×IconÔÇ£ muss beim Beenden des Konstruktors einen Wert ungleich NULL enthalten. F├╝gen Sie ggf. den ÔÇ×erforderlichenÔÇ£ Modifizierer hinzu, oder deklarieren Sie den Eigenschaft als NULL-Werte zulassend. [C:\tmp\DB-Optimizer-AI\DBOptimizer.Core\DBOptimizer.Core.csproj]
C:\tmp\DB-Optimizer-AI\DBOptimizer.Core\Services\IExecutiveDashboardService.cs(165,19): warning CS8618: Non-Nullable-Eigenschaft ÔÇ×NameÔÇ£ muss beim Beenden des Konstruktors einen Wert ungleich NULL enthalten. F├╝gen Sie ggf. den ÔÇ×erforderlichenÔÇ£ Modifizierer hinzu, oder deklarieren Sie den Eigenschaft als NULL-Werte zulassend. [C:\tmp\DB-Optimizer-AI\DBOptimizer.Core\DBOptimizer.Core.csproj]
C:\tmp\DB-Optimizer-AI\DBOptimizer.Core\Services\IExecutiveDashboardService.cs(166,19): warning CS8618: Non-Nullable-Eigenschaft ÔÇ×DescriptionÔÇ£ muss beim Beenden des Konstruktors einen Wert ungleich NULL enthalten. F├╝gen Sie ggf. den ÔÇ×erforderlichenÔÇ£ Modifizierer hinzu, oder deklarieren Sie den Eigenschaft als NULL-Werte zulassend. [C:\tmp\DB-Optimizer-AI\DBOptimizer.Core\DBOptimizer.Core.csproj]
C:\tmp\DB-Optimizer-AI\DBOptimizer.Core\Services\IExecutiveDashboardService.cs(168,19): warning CS8618: Non-Nullable-Eigenschaft ÔÇ×IconÔÇ£ muss beim Beenden des Konstruktors einen Wert ungleich NULL enthalten. F├╝gen Sie ggf. den ÔÇ×erforderlichenÔÇ£ Modifizierer hinzu, oder deklarieren Sie den Eigenschaft als NULL-Werte zulassend. [C:\tmp\DB-Optimizer-AI\DBOptimizer.Core\DBOptimizer.Core.csproj]
C:\tmp\DB-Optimizer-AI\DBOptimizer.Core\Services\IExecutiveDashboardService.cs(205,19): warning CS8618: Non-Nullable-Eigenschaft ÔÇ×CategoryÔÇ£ muss beim Beenden des Konstruktors einen Wert ungleich NULL enthalten. F├╝gen Sie ggf. den ÔÇ×erforderlichenÔÇ£ Modifizierer hinzu, oder deklarieren Sie den Eigenschaft als NULL-Werte zulassend. [C:\tmp\DB-Optimizer-AI\DBOptimizer.Core\DBOptimizer.Core.csproj]
C:\tmp\DB-Optimizer-AI\DBOptimizer.Core\Services\IExecutiveDashboardService.cs(197,30): warning CS8618: Non-Nullable-Eigenschaft ÔÇ×RoiByCategoryÔÇ£ muss beim Beenden des Konstruktors einen Wert ungleich NULL enthalten. F├╝gen Sie ggf. den ÔÇ×erforderlichenÔÇ£ Modifizierer hinzu, oder deklarieren Sie den Eigenschaft als NULL-Werte zulassend. [C:\tmp\DB-Optimizer-AI\DBOptimizer.Core\DBOptimizer.Core.csproj]
C:\tmp\DB-Optimizer-AI\DBOptimizer.Core\Services\IExecutiveDashboardService.cs(200,29): warning CS8618: Non-Nullable-Eigenschaft ÔÇ×MonthlyRoiTrendÔÇ£ muss beim Beenden des Konstruktors einen Wert ungleich NULL enthalten. F├╝gen Sie ggf. den ÔÇ×erforderlichenÔÇ£ Modifizierer hinzu, oder deklarieren Sie den Eigenschaft als NULL-Werte zulassend. [C:\tmp\DB-Optimizer-AI\DBOptimizer.Core\DBOptimizer.Core.csproj]
C:\tmp\DB-Optimizer-AI\DBOptimizer.Core\Services\IExecutiveDashboardService.cs(138,19): warning CS8618: Non-Nullable-Eigenschaft ÔÇ×GradeÔÇ£ muss beim Beenden des Konstruktors einen Wert ungleich NULL enthalten. F├╝gen Sie ggf. den ÔÇ×erforderlichenÔÇ£ Modifizierer hinzu, oder deklarieren Sie den Eigenschaft als NULL-Werte zulassend. [C:\tmp\DB-Optimizer-AI\DBOptimizer.Core\DBOptimizer.Core.csproj]
C:\tmp\DB-Optimizer-AI\DBOptimizer.Core\Services\IExecutiveDashboardService.cs(139,19): warning CS8618: Non-Nullable-Eigenschaft ÔÇ×StatusÔÇ£ muss beim Beenden des Konstruktors einen Wert ungleich NULL enthalten. F├╝gen Sie ggf. den ÔÇ×erforderlichenÔÇ£ Modifizierer hinzu, oder deklarieren Sie den Eigenschaft als NULL-Werte zulassend. [C:\tmp\DB-Optimizer-AI\DBOptimizer.Core\DBOptimizer.Core.csproj]
C:\tmp\DB-Optimizer-AI\DBOptimizer.Core\Services\IExecutiveDashboardService.cs(141,19): warning CS8618: Non-Nullable-Eigenschaft ÔÇ×IndustryRankÔÇ£ muss beim Beenden des Konstruktors einen Wert ungleich NULL enthalten. F├╝gen Sie ggf. den ÔÇ×erforderlichenÔÇ£ Modifizierer hinzu, oder deklarieren Sie den Eigenschaft als NULL-Werte zulassend. [C:\tmp\DB-Optimizer-AI\DBOptimizer.Core\DBOptimizer.Core.csproj]
C:\tmp\DB-Optimizer-AI\DBOptimizer.Core\Services\IExecutiveDashboardService.cs(144,27): warning CS8618: Non-Nullable-Eigenschaft ÔÇ×QueryPerformanceÔÇ£ muss beim Beenden des Konstruktors einen Wert ungleich NULL enthalten. F├╝gen Sie ggf. den ÔÇ×erforderlichenÔÇ£ Modifizierer hinzu, oder deklarieren Sie den Eigenschaft als NULL-Werte zulassend. [C:\tmp\DB-Optimizer-AI\DBOptimizer.Core\DBOptimizer.Core.csproj]
C:\tmp\DB-Optimizer-AI\DBOptimizer.Core\Services\IExecutiveDashboardService.cs(145,27): warning CS8618: Non-Nullable-Eigenschaft ÔÇ×SystemReliabilityÔÇ£ muss beim Beenden des Konstruktors einen Wert ungleich NULL enthalten. F├╝gen Sie ggf. den ÔÇ×erforderlichenÔÇ£ Modifizierer hinzu, oder deklarieren Sie den Eigenschaft als NULL-Werte zulassend. [C:\tmp\DB-Optimizer-AI\DBOptimizer.Core\DBOptimizer.Core.csproj]
C:\tmp\DB-Optimizer-AI\DBOptimizer.Core\Services\IExecutiveDashboardService.cs(146,27): warning CS8618: Non-Nullable-Eigenschaft ÔÇ×ResourceEfficiencyÔÇ£ muss beim Beenden des Konstruktors einen Wert ungleich NULL enthalten. F├╝gen Sie ggf. den ÔÇ×erforderlichenÔÇ£ Modifizierer hinzu, oder deklarieren Sie den Eigenschaft als NULL-Werte zulassend. [C:\tmp\DB-Optimizer-AI\DBOptimizer.Core\DBOptimizer.Core.csproj]
C:\tmp\DB-Optimizer-AI\DBOptimizer.Core\Services\IExecutiveDashboardService.cs(147,27): warning CS8618: Non-Nullable-Eigenschaft ÔÇ×OptimizationQualityÔÇ£ muss beim Beenden des Konstruktors einen Wert ungleich NULL enthalten. F├╝gen Sie ggf. den ÔÇ×erforderlichenÔÇ£ Modifizierer hinzu, oder deklarieren Sie den Eigenschaft als NULL-Werte zulassend. [C:\tmp\DB-Optimizer-AI\DBOptimizer.Core\DBOptimizer.Core.csproj]
C:\tmp\DB-Optimizer-AI\DBOptimizer.Core\Services\IExecutiveDashboardService.cs(148,27): warning CS8618: Non-Nullable-Eigenschaft ÔÇ×CostEfficiencyÔÇ£ muss beim Beenden des Konstruktors einen Wert ungleich NULL enthalten. F├╝gen Sie ggf. den ÔÇ×erforderlichenÔÇ£ Modifizierer hinzu, oder deklarieren Sie den Eigenschaft als NULL-Werte zulassend. [C:\tmp\DB-Optimizer-AI\DBOptimizer.Core\DBOptimizer.Core.csproj]
C:\tmp\DB-Optimizer-AI\DBOptimizer.Core\Services\IExecutiveDashboardService.cs(151,31): warning CS8618: Non-Nullable-Eigenschaft ÔÇ×StrengthsÔÇ£ muss beim Beenden des Konstruktors einen Wert ungleich NULL enthalten. F├╝gen Sie ggf. den ÔÇ×erforderlichenÔÇ£ Modifizierer hinzu, oder deklarieren Sie den Eigenschaft als NULL-Werte zulassend. [C:\tmp\DB-Optimizer-AI\DBOptimizer.Core\DBOptimizer.Core.csproj]
C:\tmp\DB-Optimizer-AI\DBOptimizer.Core\Services\IExecutiveDashboardService.cs(152,31): warning CS8618: Non-Nullable-Eigenschaft ÔÇ×AreasForImprovementÔÇ£ muss beim Beenden des Konstruktors einen Wert ungleich NULL enthalten. F├╝gen Sie ggf. den ÔÇ×erforderlichenÔÇ£ Modifizierer hinzu, oder deklarieren Sie den Eigenschaft als NULL-Werte zulassend. [C:\tmp\DB-Optimizer-AI\DBOptimizer.Core\DBOptimizer.Core.csproj]
C:\tmp\DB-Optimizer-AI\DBOptimizer.Core\Services\IExecutiveDashboardService.cs(155,37): warning CS8618: Non-Nullable-Eigenschaft ÔÇ×HistoricalTrendÔÇ£ muss beim Beenden des Konstruktors einen Wert ungleich NULL enthalten. F├╝gen Sie ggf. den ÔÇ×erforderlichenÔÇ£ Modifizierer hinzu, oder deklarieren Sie den Eigenschaft als NULL-Werte zulassend. [C:\tmp\DB-Optimizer-AI\DBOptimizer.Core\DBOptimizer.Core.csproj]
C:\tmp\DB-Optimizer-AI\DBOptimizer.Core\Services\IExecutiveDashboardService.cs(245,19): warning CS8618: Non-Nullable-Eigenschaft ÔÇ×TitleÔÇ£ muss beim Beenden des Konstruktors einen Wert ungleich NULL enthalten. F├╝gen Sie ggf. den ÔÇ×erforderlichenÔÇ£ Modifizierer hinzu, oder deklarieren Sie den Eigenschaft als NULL-Werte zulassend. [C:\tmp\DB-Optimizer-AI\DBOptimizer.Core\DBOptimizer.Core.csproj]
C:\tmp\DB-Optimizer-AI\DBOptimizer.Core\Services\IExecutiveDashboardService.cs(246,19): warning CS8618: Non-Nullable-Eigenschaft ÔÇ×DescriptionÔÇ£ muss beim Beenden des Konstruktors einen Wert ungleich NULL enthalten. F├╝gen Sie ggf. den ÔÇ×erforderlichenÔÇ£ Modifizierer hinzu, oder deklarieren Sie den Eigenschaft als NULL-Werte zulassend. [C:\tmp\DB-Optimizer-AI\DBOptimizer.Core\DBOptimizer.Core.csproj]
C:\tmp\DB-Optimizer-AI\DBOptimizer.Core\Services\IExecutiveDashboardService.cs(254,19): warning CS8618: Non-Nullable-Eigenschaft ÔÇ×DescriptionÔÇ£ muss beim Beenden des Konstruktors einen Wert ungleich NULL enthalten. F├╝gen Sie ggf. den ÔÇ×erforderlichenÔÇ£ Modifizierer hinzu, oder deklarieren Sie den Eigenschaft als NULL-Werte zulassend. [C:\tmp\DB-Optimizer-AI\DBOptimizer.Core\DBOptimizer.Core.csproj]
C:\tmp\DB-Optimizer-AI\DBOptimizer.Core\Services\IExecutiveDashboardService.cs(235,43): warning CS8618: Non-Nullable-Eigenschaft ÔÇ×KeyPointsÔÇ£ muss beim Beenden des Konstruktors einen Wert ungleich NULL enthalten. F├╝gen Sie ggf. den ÔÇ×erforderlichenÔÇ£ Modifizierer hinzu, oder deklarieren Sie den Eigenschaft als NULL-Werte zulassend. [C:\tmp\DB-Optimizer-AI\DBOptimizer.Core\DBOptimizer.Core.csproj]
C:\tmp\DB-Optimizer-AI\DBOptimizer.Core\Services\IExecutiveDashboardService.cs(238,27): warning CS8618: Non-Nullable-Eigenschaft ÔÇ×WithoutToolCostÔÇ£ muss beim Beenden des Konstruktors einen Wert ungleich NULL enthalten. F├╝gen Sie ggf. den ÔÇ×erforderlichenÔÇ£ Modifizierer hinzu, oder deklarieren Sie den Eigenschaft als NULL-Werte zulassend. [C:\tmp\DB-Optimizer-AI\DBOptimizer.Core\DBOptimizer.Core.csproj]
C:\tmp\DB-Optimizer-AI\DBOptimizer.Core\Services\IExecutiveDashboardService.cs(239,27): warning CS8618: Non-Nullable-Eigenschaft ÔÇ×WithToolCostÔÇ£ muss beim Beenden des Konstruktors einen Wert ungleich NULL enthalten. F├╝gen Sie ggf. den ÔÇ×erforderlichenÔÇ£ Modifizierer hinzu, oder deklarieren Sie den Eigenschaft als NULL-Werte zulassend. [C:\tmp\DB-Optimizer-AI\DBOptimizer.Core\DBOptimizer.Core.csproj]
C:\tmp\DB-Optimizer-AI\DBOptimizer.Core\Services\IExecutiveDashboardService.cs(240,27): warning CS8618: Non-Nullable-Eigenschaft ÔÇ×NetDifferenceÔÇ£ muss beim Beenden des Konstruktors einen Wert ungleich NULL enthalten. F├╝gen Sie ggf. den ÔÇ×erforderlichenÔÇ£ Modifizierer hinzu, oder deklarieren Sie den Eigenschaft als NULL-Werte zulassend. [C:\tmp\DB-Optimizer-AI\DBOptimizer.Core\DBOptimizer.Core.csproj]
C:\tmp\DB-Optimizer-AI\DBOptimizer.Core\Services\IPerformanceHealthScoreService.cs(60,19): warning CS8618: Non-Nullable-Eigenschaft ÔÇ×DirectionÔÇ£ muss beim Beenden des Konstruktors einen Wert ungleich NULL enthalten. F├╝gen Sie ggf. den ÔÇ×erforderlichenÔÇ£ Modifizierer hinzu, oder deklarieren Sie den Eigenschaft als NULL-Werte zulassend. [C:\tmp\DB-Optimizer-AI\DBOptimizer.Core\DBOptimizer.Core.csproj]
C:\tmp\DB-Optimizer-AI\DBOptimizer.Core\Services\IPerformanceHealthScoreService.cs(61,19): warning CS8618: Non-Nullable-Eigenschaft ÔÇ×TrendIconÔÇ£ muss beim Beenden des Konstruktors einen Wert ungleich NULL enthalten. F├╝gen Sie ggf. den ÔÇ×erforderlichenÔÇ£ Modifizierer hinzu, oder deklarieren Sie den Eigenschaft als NULL-Werte zulassend. [C:\tmp\DB-Optimizer-AI\DBOptimizer.Core\DBOptimizer.Core.csproj]
C:\tmp\DB-Optimizer-AI\DBOptimizer.Core\Services\IPerformanceHealthScoreService.cs(46,19): warning CS8618: Non-Nullable-Eigenschaft ÔÇ×GradeÔÇ£ muss beim Beenden des Konstruktors einen Wert ungleich NULL enthalten. F├╝gen Sie ggf. den ÔÇ×erforderlichenÔÇ£ Modifizierer hinzu, oder deklarieren Sie den Eigenschaft als NULL-Werte zulassend. [C:\tmp\DB-Optimizer-AI\DBOptimizer.Core\DBOptimizer.Core.csproj]
C:\tmp\DB-Optimizer-AI\DBOptimizer.Core\Services\IPerformanceHealthScoreService.cs(47,19): warning CS8618: Non-Nullable-Eigenschaft ÔÇ×StatusÔÇ£ muss beim Beenden des Konstruktors einen Wert ungleich NULL enthalten. F├╝gen Sie ggf. den ÔÇ×erforderlichenÔÇ£ Modifizierer hinzu, oder deklarieren Sie den Eigenschaft als NULL-Werte zulassend. [C:\tmp\DB-Optimizer-AI\DBOptimizer.Core\DBOptimizer.Core.csproj]
C:\tmp\DB-Optimizer-AI\DBOptimizer.Core\Services\IPerformanceHealthScoreService.cs(48,24): warning CS8618: Non-Nullable-Eigenschaft ÔÇ×TrendÔÇ£ muss beim Beenden des Konstruktors einen Wert ungleich NULL enthalten. F├╝gen Sie ggf. den ÔÇ×erforderlichenÔÇ£ Modifizierer hinzu, oder deklarieren Sie den Eigenschaft als NULL-Werte zulassend. [C:\tmp\DB-Optimizer-AI\DBOptimizer.Core\DBOptimizer.Core.csproj]
C:\tmp\DB-Optimizer-AI\DBOptimizer.Core\Services\IPerformanceHealthScoreService.cs(51,19): warning CS8618: Non-Nullable-Eigenschaft ÔÇ×SummaryÔÇ£ muss beim Beenden des Konstruktors einen Wert ungleich NULL enthalten. F├╝gen Sie ggf. den ÔÇ×erforderlichenÔÇ£ Modifizierer hinzu, oder deklarieren Sie den Eigenschaft als NULL-Werte zulassend. [C:\tmp\DB-Optimizer-AI\DBOptimizer.Core\DBOptimizer.Core.csproj]
C:\tmp\DB-Optimizer-AI\DBOptimizer.Core\Services\IPerformanceHealthScoreService.cs(52,25): warning CS8618: Non-Nullable-Eigenschaft ÔÇ×TopStrengthsÔÇ£ muss beim Beenden des Konstruktors einen Wert ungleich NULL enthalten. F├╝gen Sie ggf. den ÔÇ×erforderlichenÔÇ£ Modifizierer hinzu, oder deklarieren Sie den Eigenschaft als NULL-Werte zulassend. [C:\tmp\DB-Optimizer-AI\DBOptimizer.Core\DBOptimizer.Core.csproj]
C:\tmp\DB-Optimizer-AI\DBOptimizer.Core\Services\IPerformanceHealthScoreService.cs(53,25): warning CS8618: Non-Nullable-Eigenschaft ÔÇ×TopWeaknessesÔÇ£ muss beim Beenden des Konstruktors einen Wert ungleich NULL enthalten. F├╝gen Sie ggf. den ÔÇ×erforderlichenÔÇ£ Modifizierer hinzu, oder deklarieren Sie den Eigenschaft als NULL-Werte zulassend. [C:\tmp\DB-Optimizer-AI\DBOptimizer.Core\DBOptimizer.Core.csproj]
C:\tmp\DB-Optimizer-AI\DBOptimizer.Core\Services\IPerformanceHealthScoreService.cs(88,19): warning CS8618: Non-Nullable-Eigenschaft ÔÇ×ComponentNameÔÇ£ muss beim Beenden des Konstruktors einen Wert ungleich NULL enthalten. F├╝gen Sie ggf. den ÔÇ×erforderlichenÔÇ£ Modifizierer hinzu, oder deklarieren Sie den Eigenschaft als NULL-Werte zulassend. [C:\tmp\DB-Optimizer-AI\DBOptimizer.Core\DBOptimizer.Core.csproj]
C:\tmp\DB-Optimizer-AI\DBOptimizer.Core\Services\IPerformanceHealthScoreService.cs(90,19): warning CS8618: Non-Nullable-Eigenschaft ÔÇ×GradeÔÇ£ muss beim Beenden des Konstruktors einen Wert ungleich NULL enthalten. F├╝gen Sie ggf. den ÔÇ×erforderlichenÔÇ£ Modifizierer hinzu, oder deklarieren Sie den Eigenschaft als NULL-Werte zulassend. [C:\tmp\DB-Optimizer-AI\DBOptimizer.Core\DBOptimizer.Core.csproj]
C:\tmp\DB-Optimizer-AI\DBOptimizer.Core\Services\IPerformanceHealthScoreService.cs(95,19): warning CS8618: Non-Nullable-Eigenschaft ÔÇ×VisualBarÔÇ£ muss beim Beenden des Konstruktors einen Wert ungleich NULL enthalten. F├╝gen Sie ggf. den ÔÇ×erforderlichenÔÇ£ Modifizierer hinzu, oder deklarieren Sie den Eigenschaft als NULL-Werte zulassend. [C:\tmp\DB-Optimizer-AI\DBOptimizer.Core\DBOptimizer.Core.csproj]
C:\tmp\DB-Optimizer-AI\DBOptimizer.Core\Services\IPerformanceHealthScoreService.cs(96,19): warning CS8618: Non-Nullable-Eigenschaft ÔÇ×ColorÔÇ£ muss beim Beenden des Konstruktors einen Wert ungleich NULL enthalten. F├╝gen Sie ggf. den ÔÇ×erforderlichenÔÇ£ Modifizierer hinzu, oder deklarieren Sie den Eigenschaft als NULL-Werte zulassend. [C:\tmp\DB-Optimizer-AI\DBOptimizer.Core\DBOptimizer.Core.csproj]
C:\tmp\DB-Optimizer-AI\DBOptimizer.Core\Services\IPerformanceHealthScoreService.cs(99,28): warning CS8618: Non-Nullable-Eigenschaft ÔÇ×SubMetricsÔÇ£ muss beim Beenden des Konstruktors einen Wert ungleich NULL enthalten. F├╝gen Sie ggf. den ÔÇ×erforderlichenÔÇ£ Modifizierer hinzu, oder deklarieren Sie den Eigenschaft als NULL-Werte zulassend. [C:\tmp\DB-Optimizer-AI\DBOptimizer.Core\DBOptimizer.Core.csproj]
C:\tmp\DB-Optimizer-AI\DBOptimizer.Core\Services\IPerformanceHealthScoreService.cs(70,19): warning CS8618: Non-Nullable-Eigenschaft ÔÇ×OverallGradeÔÇ£ muss beim Beenden des Konstruktors einen Wert ungleich NULL enthalten. F├╝gen Sie ggf. den ÔÇ×erforderlichenÔÇ£ Modifizierer hinzu, oder deklarieren Sie den Eigenschaft als NULL-Werte zulassend. [C:\tmp\DB-Optimizer-AI\DBOptimizer.Core\DBOptimizer.Core.csproj]
C:\tmp\DB-Optimizer-AI\DBOptimizer.Core\Services\IPerformanceHealthScoreService.cs(73,27): warning CS8618: Non-Nullable-Eigenschaft ÔÇ×QueryPerformanceÔÇ£ muss beim Beenden des Konstruktors einen Wert ungleich NULL enthalten. F├╝gen Sie ggf. den ÔÇ×erforderlichenÔÇ£ Modifizierer hinzu, oder deklarieren Sie den Eigenschaft als NULL-Werte zulassend. [C:\tmp\DB-Optimizer-AI\DBOptimizer.Core\DBOptimizer.Core.csproj]
C:\tmp\DB-Optimizer-AI\DBOptimizer.Core\Services\IPerformanceHealthScoreService.cs(74,27): warning CS8618: Non-Nullable-Eigenschaft ÔÇ×SystemReliabilityÔÇ£ muss beim Beenden des Konstruktors einen Wert ungleich NULL enthalten. F├╝gen Sie ggf. den ÔÇ×erforderlichenÔÇ£ Modifizierer hinzu, oder deklarieren Sie den Eigenschaft als NULL-Werte zulassend. [C:\tmp\DB-Optimizer-AI\DBOptimizer.Core\DBOptimizer.Core.csproj]
C:\tmp\DB-Optimizer-AI\DBOptimizer.Core\Services\IPerformanceHealthScoreService.cs(75,27): warning CS8618: Non-Nullable-Eigenschaft ÔÇ×ResourceEfficiencyÔÇ£ muss beim Beenden des Konstruktors einen Wert ungleich NULL enthalten. F├╝gen Sie ggf. den ÔÇ×erforderlichenÔÇ£ Modifizierer hinzu, oder deklarieren Sie den Eigenschaft als NULL-Werte zulassend. [C:\tmp\DB-Optimizer-AI\DBOptimizer.Core\DBOptimizer.Core.csproj]
C:\tmp\DB-Optimizer-AI\DBOptimizer.Core\Services\IPerformanceHealthScoreService.cs(76,27): warning CS8618: Non-Nullable-Eigenschaft ÔÇ×OptimizationQualityÔÇ£ muss beim Beenden des Konstruktors einen Wert ungleich NULL enthalten. F├╝gen Sie ggf. den ÔÇ×erforderlichenÔÇ£ Modifizierer hinzu, oder deklarieren Sie den Eigenschaft als NULL-Werte zulassend. [C:\tmp\DB-Optimizer-AI\DBOptimizer.Core\DBOptimizer.Core.csproj]
C:\tmp\DB-Optimizer-AI\DBOptimizer.Core\Services\IPerformanceHealthScoreService.cs(77,27): warning CS8618: Non-Nullable-Eigenschaft ÔÇ×CostEfficiencyÔÇ£ muss beim Beenden des Konstruktors einen Wert ungleich NULL enthalten. F├╝gen Sie ggf. den ÔÇ×erforderlichenÔÇ£ Modifizierer hinzu, oder deklarieren Sie den Eigenschaft als NULL-Werte zulassend. [C:\tmp\DB-Optimizer-AI\DBOptimizer.Core\DBOptimizer.Core.csproj]
C:\tmp\DB-Optimizer-AI\DBOptimizer.Core\Services\IPerformanceHealthScoreService.cs(80,31): warning CS8618: Non-Nullable-Eigenschaft ÔÇ×DetailedMetricsÔÇ£ muss beim Beenden des Konstruktors einen Wert ungleich NULL enthalten. F├╝gen Sie ggf. den ÔÇ×erforderlichenÔÇ£ Modifizierer hinzu, oder deklarieren Sie den Eigenschaft als NULL-Werte zulassend. [C:\tmp\DB-Optimizer-AI\DBOptimizer.Core\DBOptimizer.Core.csproj]
C:\tmp\DB-Optimizer-AI\DBOptimizer.Core\Services\IPerformanceHealthScoreService.cs(83,39): warning CS8618: Non-Nullable-Eigenschaft ÔÇ×ImprovementRecommendationsÔÇ£ muss beim Beenden des Konstruktors einen Wert ungleich NULL enthalten. F├╝gen Sie ggf. den ÔÇ×erforderlichenÔÇ£ Modifizierer hinzu, oder deklarieren Sie den Eigenschaft als NULL-Werte zulassend. [C:\tmp\DB-Optimizer-AI\DBOptimizer.Core\DBOptimizer.Core.csproj]
C:\tmp\DB-Optimizer-AI\DBOptimizer.Core\Services\IPerformanceHealthScoreService.cs(104,19): warning CS8618: Non-Nullable-Eigenschaft ÔÇ×NameÔÇ£ muss beim Beenden des Konstruktors einen Wert ungleich NULL enthalten. F├╝gen Sie ggf. den ÔÇ×erforderlichenÔÇ£ Modifizierer hinzu, oder deklarieren Sie den Eigenschaft als NULL-Werte zulassend. [C:\tmp\DB-Optimizer-AI\DBOptimizer.Core\DBOptimizer.Core.csproj]
C:\tmp\DB-Optimizer-AI\DBOptimizer.Core\Services\IPerformanceHealthScoreService.cs(106,19): warning CS8618: Non-Nullable-Eigenschaft ÔÇ×UnitÔÇ£ muss beim Beenden des Konstruktors einen Wert ungleich NULL enthalten. F├╝gen Sie ggf. den ÔÇ×erforderlichenÔÇ£ Modifizierer hinzu, oder deklarieren Sie den Eigenschaft als NULL-Werte zulassend. [C:\tmp\DB-Optimizer-AI\DBOptimizer.Core\DBOptimizer.Core.csproj]
C:\tmp\DB-Optimizer-AI\DBOptimizer.Core\Services\IPerformanceHealthScoreService.cs(107,19): warning CS8618: Non-Nullable-Eigenschaft ÔÇ×StatusÔÇ£ muss beim Beenden des Konstruktors einen Wert ungleich NULL enthalten. F├╝gen Sie ggf. den ÔÇ×erforderlichenÔÇ£ Modifizierer hinzu, oder deklarieren Sie den Eigenschaft als NULL-Werte zulassend. [C:\tmp\DB-Optimizer-AI\DBOptimizer.Core\DBOptimizer.Core.csproj]
C:\tmp\DB-Optimizer-AI\DBOptimizer.Core\Services\IPerformanceHealthScoreService.cs(125,19): warning CS8618: Non-Nullable-Eigenschaft ÔÇ×TitleÔÇ£ muss beim Beenden des Konstruktors einen Wert ungleich NULL enthalten. F├╝gen Sie ggf. den ÔÇ×erforderlichenÔÇ£ Modifizierer hinzu, oder deklarieren Sie den Eigenschaft als NULL-Werte zulassend. [C:\tmp\DB-Optimizer-AI\DBOptimizer.Core\DBOptimizer.Core.csproj]
C:\tmp\DB-Optimizer-AI\DBOptimizer.Core\Services\IPerformanceHealthScoreService.cs(126,19): warning CS8618: Non-Nullable-Eigenschaft ÔÇ×DescriptionÔÇ£ muss beim Beenden des Konstruktors einen Wert ungleich NULL enthalten. F├╝gen Sie ggf. den ÔÇ×erforderlichenÔÇ£ Modifizierer hinzu, oder deklarieren Sie den Eigenschaft als NULL-Werte zulassend. [C:\tmp\DB-Optimizer-AI\DBOptimizer.Core\DBOptimizer.Core.csproj]
C:\tmp\DB-Optimizer-AI\DBOptimizer.Core\Services\IPerformanceHealthScoreService.cs(128,19): warning CS8618: Non-Nullable-Eigenschaft ÔÇ×CategoryÔÇ£ muss beim Beenden des Konstruktors einen Wert ungleich NULL enthalten. F├╝gen Sie ggf. den ÔÇ×erforderlichenÔÇ£ Modifizierer hinzu, oder deklarieren Sie den Eigenschaft als NULL-Werte zulassend. [C:\tmp\DB-Optimizer-AI\DBOptimizer.Core\DBOptimizer.Core.csproj]
C:\tmp\DB-Optimizer-AI\DBOptimizer.Core\Services\IPerformanceHealthScoreService.cs(130,19): warning CS8618: Non-Nullable-Eigenschaft ÔÇ×DifficultyÔÇ£ muss beim Beenden des Konstruktors einen Wert ungleich NULL enthalten. F├╝gen Sie ggf. den ÔÇ×erforderlichenÔÇ£ Modifizierer hinzu, oder deklarieren Sie den Eigenschaft als NULL-Werte zulassend. [C:\tmp\DB-Optimizer-AI\DBOptimizer.Core\DBOptimizer.Core.csproj]
C:\tmp\DB-Optimizer-AI\DBOptimizer.Core\Services\IPerformanceHealthScoreService.cs(113,19): warning CS8618: Non-Nullable-Eigenschaft ÔÇ×CategoryÔÇ£ muss beim Beenden des Konstruktors einen Wert ungleich NULL enthalten. F├╝gen Sie ggf. den ÔÇ×erforderlichenÔÇ£ Modifizierer hinzu, oder deklarieren Sie den Eigenschaft als NULL-Werte zulassend. [C:\tmp\DB-Optimizer-AI\DBOptimizer.Core\DBOptimizer.Core.csproj]
C:\tmp\DB-Optimizer-AI\DBOptimizer.Core\Services\IPerformanceHealthScoreService.cs(114,19): warning CS8618: Non-Nullable-Eigenschaft ÔÇ×NameÔÇ£ muss beim Beenden des Konstruktors einen Wert ungleich NULL enthalten. F├╝gen Sie ggf. den ÔÇ×erforderlichenÔÇ£ Modifizierer hinzu, oder deklarieren Sie den Eigenschaft als NULL-Werte zulassend. [C:\tmp\DB-Optimizer-AI\DBOptimizer.Core\DBOptimizer.Core.csproj]
C:\tmp\DB-Optimizer-AI\DBOptimizer.Core\Services\IPerformanceHealthScoreService.cs(115,19): warning CS8618: Non-Nullable-Eigenschaft ÔÇ×CurrentValueÔÇ£ muss beim Beenden des Konstruktors einen Wert ungleich NULL enthalten. F├╝gen Sie ggf. den ÔÇ×erforderlichenÔÇ£ Modifizierer hinzu, oder deklarieren Sie den Eigenschaft als NULL-Werte zulassend. [C:\tmp\DB-Optimizer-AI\DBOptimizer.Core\DBOptimizer.Core.csproj]
C:\tmp\DB-Optimizer-AI\DBOptimizer.Core\Services\IPerformanceHealthScoreService.cs(116,19): warning CS8618: Non-Nullable-Eigenschaft ÔÇ×BaselineÔÇ£ muss beim Beenden des Konstruktors einen Wert ungleich NULL enthalten. F├╝gen Sie ggf. den ÔÇ×erforderlichenÔÇ£ Modifizierer hinzu, oder deklarieren Sie den Eigenschaft als NULL-Werte zulassend. [C:\tmp\DB-Optimizer-AI\DBOptimizer.Core\DBOptimizer.Core.csproj]
C:\tmp\DB-Optimizer-AI\DBOptimizer.Core\Services\IPerformanceHealthScoreService.cs(117,19): warning CS8618: Non-Nullable-Eigenschaft ÔÇ×TargetÔÇ£ muss beim Beenden des Konstruktors einen Wert ungleich NULL enthalten. F├╝gen Sie ggf. den ÔÇ×erforderlichenÔÇ£ Modifizierer hinzu, oder deklarieren Sie den Eigenschaft als NULL-Werte zulassend. [C:\tmp\DB-Optimizer-AI\DBOptimizer.Core\DBOptimizer.Core.csproj]
C:\tmp\DB-Optimizer-AI\DBOptimizer.Core\Services\IPerformanceHealthScoreService.cs(118,19): warning CS8618: Non-Nullable-Eigenschaft ÔÇ×StatusÔÇ£ muss beim Beenden des Konstruktors einen Wert ungleich NULL enthalten. F├╝gen Sie ggf. den ÔÇ×erforderlichenÔÇ£ Modifizierer hinzu, oder deklarieren Sie den Eigenschaft als NULL-Werte zulassend. [C:\tmp\DB-Optimizer-AI\DBOptimizer.Core\DBOptimizer.Core.csproj]
C:\tmp\DB-Optimizer-AI\DBOptimizer.Core\Services\IPerformanceHealthScoreService.cs(178,19): warning CS8618: Non-Nullable-Eigenschaft ÔÇ×StatusÔÇ£ muss beim Beenden des Konstruktors einen Wert ungleich NULL enthalten. F├╝gen Sie ggf. den ÔÇ×erforderlichenÔÇ£ Modifizierer hinzu, oder deklarieren Sie den Eigenschaft als NULL-Werte zulassend. [C:\tmp\DB-Optimizer-AI\DBOptimizer.Core\DBOptimizer.Core.csproj]
C:\tmp\DB-Optimizer-AI\DBOptimizer.Core\Services\IPerformanceHealthScoreService.cs(161,19): warning CS8618: Non-Nullable-Eigenschaft ÔÇ×YourPercentileÔÇ£ muss beim Beenden des Konstruktors einen Wert ungleich NULL enthalten. F├╝gen Sie ggf. den ÔÇ×erforderlichenÔÇ£ Modifizierer hinzu, oder deklarieren Sie den Eigenschaft als NULL-Werte zulassend. [C:\tmp\DB-Optimizer-AI\DBOptimizer.Core\DBOptimizer.Core.csproj]
C:\tmp\DB-Optimizer-AI\DBOptimizer.Core\Services\IPerformanceHealthScoreService.cs(162,19): warning CS8618: Non-Nullable-Eigenschaft ÔÇ×RankingÔÇ£ muss beim Beenden des Konstruktors einen Wert ungleich NULL enthalten. F├╝gen Sie ggf. den ÔÇ×erforderlichenÔÇ£ Modifizierer hinzu, oder deklarieren Sie den Eigenschaft als NULL-Werte zulassend. [C:\tmp\DB-Optimizer-AI\DBOptimizer.Core\DBOptimizer.Core.csproj]
C:\tmp\DB-Optimizer-AI\DBOptimizer.Core\Services\IPerformanceHealthScoreService.cs(165,51): warning CS8618: Non-Nullable-Eigenschaft ÔÇ×ComponentComparisonÔÇ£ muss beim Beenden des Konstruktors einen Wert ungleich NULL enthalten. F├╝gen Sie ggf. den ÔÇ×erforderlichenÔÇ£ Modifizierer hinzu, oder deklarieren Sie den Eigenschaft als NULL-Werte zulassend. [C:\tmp\DB-Optimizer-AI\DBOptimizer.Core\DBOptimizer.Core.csproj]
C:\tmp\DB-Optimizer-AI\DBOptimizer.Core\Services\IPerformanceHealthScoreService.cs(168,19): warning CS8618: Non-Nullable-Eigenschaft ÔÇ×IndustryÔÇ£ muss beim Beenden des Konstruktors einen Wert ungleich NULL enthalten. F├╝gen Sie ggf. den ÔÇ×erforderlichenÔÇ£ Modifizierer hinzu, oder deklarieren Sie den Eigenschaft als NULL-Werte zulassend. [C:\tmp\DB-Optimizer-AI\DBOptimizer.Core\DBOptimizer.Core.csproj]
C:\tmp\DB-Optimizer-AI\DBOptimizer.Core\Services\IPerformanceHealthScoreService.cs(169,19): warning CS8618: Non-Nullable-Eigenschaft ÔÇ×CompanySizeÔÇ£ muss beim Beenden des Konstruktors einen Wert ungleich NULL enthalten. F├╝gen Sie ggf. den ÔÇ×erforderlichenÔÇ£ Modifizierer hinzu, oder deklarieren Sie den Eigenschaft als NULL-Werte zulassend. [C:\tmp\DB-Optimizer-AI\DBOptimizer.Core\DBOptimizer.Core.csproj]
C:\tmp\DB-Optimizer-AI\DBOptimizer.Core\Services\IPerformanceHealthScoreService.cs(212,19): warning CS8618: Non-Nullable-Eigenschaft ÔÇ×NameÔÇ£ muss beim Beenden des Konstruktors einen Wert ungleich NULL enthalten. F├╝gen Sie ggf. den ÔÇ×erforderlichenÔÇ£ Modifizierer hinzu, oder deklarieren Sie den Eigenschaft als NULL-Werte zulassend. [C:\tmp\DB-Optimizer-AI\DBOptimizer.Core\DBOptimizer.Core.csproj]
C:\tmp\DB-Optimizer-AI\DBOptimizer.Core\Services\IPerformanceHealthScoreService.cs(213,19): warning CS8618: Non-Nullable-Eigenschaft ÔÇ×DescriptionÔÇ£ muss beim Beenden des Konstruktors einen Wert ungleich NULL enthalten. F├╝gen Sie ggf. den ÔÇ×erforderlichenÔÇ£ Modifizierer hinzu, oder deklarieren Sie den Eigenschaft als NULL-Werte zulassend. [C:\tmp\DB-Optimizer-AI\DBOptimizer.Core\DBOptimizer.Core.csproj]
C:\tmp\DB-Optimizer-AI\DBOptimizer.Core\Services\IPerformanceHealthScoreService.cs(216,19): warning CS8618: Non-Nullable-Eigenschaft ÔÇ×SeverityÔÇ£ muss beim Beenden des Konstruktors einen Wert ungleich NULL enthalten. F├╝gen Sie ggf. den ÔÇ×erforderlichenÔÇ£ Modifizierer hinzu, oder deklarieren Sie den Eigenschaft als NULL-Werte zulassend. [C:\tmp\DB-Optimizer-AI\DBOptimizer.Core\DBOptimizer.Core.csproj]
C:\tmp\DB-Optimizer-AI\DBOptimizer.Core\Services\IPerformanceHealthScoreService.cs(192,19): warning CS8618: Non-Nullable-Eigenschaft ÔÇ×TrajectoryÔÇ£ muss beim Beenden des Konstruktors einen Wert ungleich NULL enthalten. F├╝gen Sie ggf. den ÔÇ×erforderlichenÔÇ£ Modifizierer hinzu, oder deklarieren Sie den Eigenschaft als NULL-Werte zulassend. [C:\tmp\DB-Optimizer-AI\DBOptimizer.Core\DBOptimizer.Core.csproj]
C:\tmp\DB-Optimizer-AI\DBOptimizer.Core\Services\ComplianceAuditService.cs(464,30): warning CS8601: M├Âgliche Nullverweiszuweisung. [C:\tmp\DB-Optimizer-AI\DBOptimizer.Core\DBOptimizer.Core.csproj]
C:\tmp\DB-Optimizer-AI\DBOptimizer.Core\Services\ExecutiveDashboardService.cs(83,35): error CS0029: Der Typ "System.Collections.Generic.List<DBOptimizer.Core.Services.PerformanceHealthScoreHistory>" kann nicht implizit in "System.Collections.Generic.List<DBOptimizer.Core.Services.MonthlyHealthScore>" konvertiert werden. [C:\tmp\DB-Optimizer-AI\DBOptimizer.Core\DBOptimizer.Core.csproj]
C:\tmp\DB-Optimizer-AI\DBOptimizer.Core\Services\ExecutiveDashboardService.cs(119,35): error CS0029: Der Typ "System.Collections.Generic.List<DBOptimizer.Core.Services.PerformanceHealthScoreHistory>" kann nicht implizit in "System.Collections.Generic.List<DBOptimizer.Core.Services.MonthlyHealthScore>" konvertiert werden. [C:\tmp\DB-Optimizer-AI\DBOptimizer.Core\DBOptimizer.Core.csproj]
    134 Warnung(en)
    2 Fehler

Verstrichene Zeit 00:00:03.57
